Archive member included to satisfy reference by file (symbol)

../../../libDaisy/build/libdaisy.a(daisy_seed.o)
                              build/myAdditiveSynth.o (daisy::DaisySeed::Configure())
../../../libDaisy/build/libdaisy.a(codec_ak4556.o)
                              ../../../libDaisy/build/libdaisy.a(daisy_seed.o) (daisy::Ak4556::Init(dsy_gpio_pin))
../../../libDaisy/build/libdaisy.a(codec_wm8731.o)
                              ../../../libDaisy/build/libdaisy.a(daisy_seed.o) (daisy::Wm8731::Init(daisy::Wm8731::Config const&, daisy::I2CHandle))
../../../libDaisy/build/libdaisy.a(sdram.o)
                              ../../../libDaisy/build/libdaisy.a(daisy_seed.o) (SdramHandle::Init())
../../../libDaisy/build/libdaisy.a(audio.o)
                              ../../../libDaisy/build/libdaisy.a(daisy_seed.o) (daisy::AudioHandle::Init(daisy::AudioHandle::Config const&, daisy::SaiHandle))
../../../libDaisy/build/libdaisy.a(encoder.o)
                              build/myAdditiveSynth.o (daisy::Encoder::Init(dsy_gpio_pin, dsy_gpio_pin, dsy_gpio_pin, float))
../../../libDaisy/build/libdaisy.a(logger.o)
                              build/myAdditiveSynth.o (daisy::Logger<(daisy::LoggerDestination)1>::PrintLine(char const*, ...))
../../../libDaisy/build/libdaisy.a(switch.o)
                              ../../../libDaisy/build/libdaisy.a(encoder.o) (daisy::Switch::Init(dsy_gpio_pin, float))
../../../libDaisy/build/libdaisy.a(usb.o)
                              ../../../libDaisy/build/libdaisy.a(logger.o) (daisy::UsbHandle::Init(daisy::UsbHandle::UsbPeriph))
../../../libDaisy/build/libdaisy.a(usb_midi.o)
                              build/myAdditiveSynth.o (daisy::MidiUsbTransport::Init(daisy::MidiUsbTransport::Config))
../../../libDaisy/build/libdaisy.a(gpio.o)
                              ../../../libDaisy/build/libdaisy.a(daisy_seed.o) (dsy_gpio_init)
../../../libDaisy/build/libdaisy.a(i2c.o)
                              ../../../libDaisy/build/libdaisy.a(daisy_seed.o) (daisy::I2CHandle::Init(daisy::I2CHandle::Config const&))
../../../libDaisy/build/libdaisy.a(qspi.o)
                              ../../../libDaisy/build/libdaisy.a(daisy_seed.o) (daisy::QSPIHandle::Init(daisy::QSPIHandle::Config const&))
../../../libDaisy/build/libdaisy.a(sai.o)
                              ../../../libDaisy/build/libdaisy.a(daisy_seed.o) (daisy::SaiHandle::Init(daisy::SaiHandle::Config const&))
../../../libDaisy/build/libdaisy.a(system.o)
                              ../../../libDaisy/build/libdaisy.a(daisy_seed.o) (daisy::System::DeInit())
../../../libDaisy/build/libdaisy.a(system_stm32h7xx.o)
                              build/startup_stm32h750xx.o (SystemInit)
../../../libDaisy/build/libdaisy.a(usbd_cdc_if.o)
                              ../../../libDaisy/build/libdaisy.a(usb.o) (CDC_Transmit_FS)
../../../libDaisy/build/libdaisy.a(usbd_conf.o)
                              ../../../libDaisy/build/libdaisy.a(system.o) (hpcd_USB_OTG_HS)
../../../libDaisy/build/libdaisy.a(usbd_desc.o)
                              ../../../libDaisy/build/libdaisy.a(usb.o) (HS_Desc)
../../../libDaisy/build/libdaisy.a(usbh_conf.o)
                              ../../../libDaisy/build/libdaisy.a(system.o) (hhcd_USB_OTG_HS)
../../../libDaisy/build/libdaisy.a(hal_map.o)
                              ../../../libDaisy/build/libdaisy.a(gpio.o) (dsy_hal_map_get_port)
../../../libDaisy/build/libdaisy.a(stm32h7xx_hal.o)
                              ../../../libDaisy/build/libdaisy.a(system.o) (HAL_Init)
../../../libDaisy/build/libdaisy.a(stm32h7xx_hal_cortex.o)
                              ../../../libDaisy/build/libdaisy.a(stm32h7xx_hal.o) (HAL_NVIC_SetPriorityGrouping)
../../../libDaisy/build/libdaisy.a(stm32h7xx_hal_dma.o)
                              ../../../libDaisy/build/libdaisy.a(i2c.o) (HAL_DMA_Init)
../../../libDaisy/build/libdaisy.a(stm32h7xx_hal_gpio.o)
                              ../../../libDaisy/build/libdaisy.a(sdram.o) (HAL_GPIO_Init)
../../../libDaisy/build/libdaisy.a(stm32h7xx_hal_hcd.o)
                              ../../../libDaisy/build/libdaisy.a(usbh_conf.o) (HAL_HCD_HC_Init)
../../../libDaisy/build/libdaisy.a(stm32h7xx_hal_i2c.o)
                              ../../../libDaisy/build/libdaisy.a(i2c.o) (HAL_I2C_Init)
../../../libDaisy/build/libdaisy.a(stm32h7xx_hal_i2c_ex.o)
                              ../../../libDaisy/build/libdaisy.a(i2c.o) (HAL_I2CEx_ConfigAnalogFilter)
../../../libDaisy/build/libdaisy.a(stm32h7xx_hal_pcd.o)
                              ../../../libDaisy/build/libdaisy.a(usbd_conf.o) (HAL_PCD_Init)
../../../libDaisy/build/libdaisy.a(stm32h7xx_hal_pcd_ex.o)
                              ../../../libDaisy/build/libdaisy.a(usbd_conf.o) (HAL_PCDEx_SetTxFiFo)
../../../libDaisy/build/libdaisy.a(stm32h7xx_hal_pwr_ex.o)
                              ../../../libDaisy/build/libdaisy.a(system.o) (HAL_PWREx_ConfigSupply)
../../../libDaisy/build/libdaisy.a(stm32h7xx_hal_qspi.o)
[...]
Memory Configuration

Name             Origin             Length             Attributes
FLASH            0x0000000008000000 0x0000000000020000 xr
DTCMRAM          0x0000000020000000 0x0000000000020000 xrw
SRAM             0x0000000024000000 0x0000000000080000 xrw
RAM_D2           0x0000000030000000 0x0000000000048000 xrw
RAM_D3           0x0000000038000000 0x0000000000010000 xrw
ITCMRAM          0x0000000000000000 0x0000000000010000 xrw
SDRAM            0x00000000c0000000 0x0000000004000000 xrw
QSPIFLASH        0x0000000090000000 0x0000000000800000 xr
*default*        0x0000000000000000 0xffffffffffffffff

Linker script and memory map

LOAD /Library/DaisyToolchain/0.2.0/arm/bin/../lib/gcc/arm-none-eabi/10.3.1/thumb/v7e-m+dp/hard/crti.o
LOAD /Library/DaisyToolchain/0.2.0/arm/bin/../lib/gcc/arm-none-eabi/10.3.1/thumb/v7e-m+dp/hard/crtbegin.o
LOAD /Library/DaisyToolchain/0.2.0/arm/bin/../lib/gcc/arm-none-eabi/10.3.1/../../../../arm-none-eabi/lib/thumb/v7e-m+dp/hard/crt0.o
LOAD build/startup_stm32h750xx.o
LOAD build/myAdditiveSynth.o
LOAD ../../../libDaisy/build/libdaisy.a
LOAD /Library/DaisyToolchain/0.2.0/arm/bin/../lib/gcc/arm-none-eabi/10.3.1/../../../../arm-none-eabi/lib/thumb/v7e-m+dp/hard/libnosys.a
LOAD ../../../DaisySP/build/libdaisysp.a
LOAD /Library/DaisyToolchain/0.2.0/arm/bin/../lib/gcc/arm-none-eabi/10.3.1/../../../../arm-none-eabi/lib/thumb/v7e-m+dp/hard/libstdc++_nano.a
LOAD /Library/DaisyToolchain/0.2.0/arm/bin/../lib/gcc/arm-none-eabi/10.3.1/../../../../arm-none-eabi/lib/thumb/v7e-m+dp/hard/libm.a
LOAD /Library/DaisyToolchain/0.2.0/arm/bin/../lib/gcc/arm-none-eabi/10.3.1/../../../../arm-none-eabi/lib/thumb/v7e-m+dp/hard/libc_nano.a
START GROUP
LOAD /Library/DaisyToolchain/0.2.0/arm/bin/../lib/gcc/arm-none-eabi/10.3.1/thumb/v7e-m+dp/hard/libgcc.a
LOAD /Library/DaisyToolchain/0.2.0/arm/bin/../lib/gcc/arm-none-eabi/10.3.1/../../../../arm-none-eabi/lib/thumb/v7e-m+dp/hard/libc_nano.a
END GROUP
START GROUP
LOAD /Library/DaisyToolchain/0.2.0/arm/bin/../lib/gcc/arm-none-eabi/10.3.1/thumb/v7e-m+dp/hard/libgcc.a
LOAD /Library/DaisyToolchain/0.2.0/arm/bin/../lib/gcc/arm-none-eabi/10.3.1/../../../../arm-none-eabi/lib/thumb/v7e-m+dp/hard/libc_nano.a
LOAD /Library/DaisyToolchain/0.2.0/arm/bin/../lib/gcc/arm-none-eabi/10.3.1/../../../../arm-none-eabi/lib/thumb/v7e-m+dp/hard/libnosys.a
END GROUP
START GROUP
LOAD /Library/DaisyToolchain/0.2.0/arm/bin/../lib/gcc/arm-none-eabi/10.3.1/thumb/v7e-m+dp/hard/libgcc.a
LOAD /Library/DaisyToolchain/0.2.0/arm/bin/../lib/gcc/arm-none-eabi/10.3.1/../../../../arm-none-eabi/lib/thumb/v7e-m+dp/hard/libc_nano.a
LOAD /Library/DaisyToolchain/0.2.0/arm/bin/../lib/gcc/arm-none-eabi/10.3.1/../../../../arm-none-eabi/lib/thumb/v7e-m+dp/hard/libnosys.a
END GROUP
LOAD /Library/DaisyToolchain/0.2.0/arm/bin/../lib/gcc/arm-none-eabi/10.3.1/thumb/v7e-m+dp/hard/crtend.o
LOAD /Library/DaisyToolchain/0.2.0/arm/bin/../lib/gcc/arm-none-eabi/10.3.1/thumb/v7e-m+dp/hard/crtn.o
                0x0000000020020000                _estack = 0x20020000

.isr_vector     0x0000000008000000      0x298
                0x0000000008000000                . = ALIGN (0x4)
 *(.isr_vector)
 .isr_vector    0x0000000008000000      0x298 build/startup_stm32h750xx.o
                0x0000000008000000                g_pfnVectors
                0x0000000008000298                . = ALIGN (0x4)

.text           0x00000000080002a0    0x135f8
                0x00000000080002a0                . = ALIGN (0x4)
                0x00000000080002a0                _stext = .
 *(.text)
 .text          0x00000000080002a0       0x40 /Library/DaisyToolchain/0.2.0/arm/bin/../lib/gcc/arm-none-eabi/10.3.1/thumb/v7e-m+dp/hard/crtbegin.o
 .text          0x00000000080002e0       0xa0 /Library/DaisyToolchain/0.2.0/arm/bin/../lib/gcc/arm-none-eabi/10.3.1/../../../../arm-none-eabi/lib/thumb/v7e-m+dp/hard/libc_nano.a(lib_a-memchr.o)
                0x00000000080002e0                memchr
 .text          0x0000000008000380      0x378 /Library/DaisyToolchain/0.2.0/arm/bin/../lib/gcc/arm-none-eabi/10.3.1/thumb/v7e-m+dp/hard/libgcc.a(_arm_addsubdf3.o)
                0x0000000008000380                __aeabi_drsub
                0x0000000008000388                __subdf3
                0x0000000008000388                __aeabi_dsub
                0x000000000800038c                __aeabi_dadd
                0x000000000800038c                __adddf3
                0x0000000008000604                __aeabi_ui2d
                0x0000000008000604                __floatunsidf
                0x0000000008000624                __floatsidf
                0x0000000008000624                __aeabi_i2d
                0x0000000008000648                __extendsfdf2
                0x0000000008000648                __aeabi_f2d
                0x000000000800068c                __aeabi_ul2d
                0x000000000800068c                __floatundidf
                0x000000000800069c                __aeabi_l2d
                0x000000000800069c                __floatdidf
 .text          0x00000000080006f8       0x30 /Library/DaisyToolchain/0.2.0/arm/bin/../lib/gcc/arm-none-eabi/10.3.1/thumb/v7e-m+dp/hard/libgcc.a(_aeabi_uldivmod.o)
                0x00000000080006f8                __aeabi_uldivmod
 .text          0x0000000008000728      0x2d0 /Library/DaisyToolchain/0.2.0/arm/bin/../lib/gcc/arm-none-eabi/10.3.1/thumb/v7e-m+dp/hard/libgcc.a(_udivmoddi4.o)
                0x0000000008000728                __udivmoddi4
 .text          0x00000000080009f8        0x4 /Library/DaisyToolchain/0.2.0/arm/bin/../lib/gcc/arm-none-eabi/10.3.1/thumb/v7e-m+dp/hard/libgcc.a(_dvmd_tls.o)
                0x00000000080009f8                __aeabi_ldiv0
                0x00000000080009f8                __aeabi_idiv0
 *(.text*)
 .text.Default_Handler
                0x00000000080009fc        0x4 build/startup_stm32h750xx.o
                0x00000000080009fc                SAI1_IRQHandler
                0x00000000080009fc                HASH_RNG_IRQHandler
                0x00000000080009fc                EXTI2_IRQHandler
                0x00000000080009fc                TIM8_CC_IRQHandler
                0x00000000080009fc                HRTIM1_Master_IRQHandler
                0x00000000080009fc                DebugMon_Handler
                0x00000000080009fc                TIM1_CC_IRQHandler
                0x00000000080009fc                BDMA_Channel6_IRQHandler
                0x00000000080009fc                DMA2_Stream5_IRQHandler
                0x00000000080009fc                HRTIM1_FLT_IRQHandler
                0x00000000080009fc                JPEG_IRQHandler
                0x00000000080009fc                BDMA_Channel1_IRQHandler
                0x00000000080009fc                HRTIM1_TIMD_IRQHandler
                0x00000000080009fc                TAMP_STAMP_IRQHandler
                0x00000000080009fc                PendSV_Handler
                0x00000000080009fc                NMI_Handler
                0x00000000080009fc                EXTI3_IRQHandler
                0x00000000080009fc                LPTIM4_IRQHandler
                0x00000000080009fc                TIM8_TRG_COM_TIM14_IRQHandler
                0x00000000080009fc                LPTIM2_IRQHandler
                0x00000000080009fc                DFSDM1_FLT1_IRQHandler
                0x00000000080009fc                DMAMUX2_OVR_IRQHandler
                0x00000000080009fc                TIM8_UP_TIM13_IRQHandler
                0x00000000080009fc                I2C3_ER_IRQHandler
                0x00000000080009fc                DFSDM1_FLT2_IRQHandler
                0x00000000080009fc                MDMA_IRQHandler
                0x00000000080009fc                LPTIM3_IRQHandler
                0x00000000080009fc                HSEM1_IRQHandler
                0x00000000080009fc                EXTI0_IRQHandler
                0x00000000080009fc                DMA1_Stream2_IRQHandler
                0x00000000080009fc                FPU_IRQHandler
                0x00000000080009fc                OTG_HS_WKUP_IRQHandler
                0x00000000080009fc                FDCAN1_IT1_IRQHandler
                0x00000000080009fc                UsageFault_Handler
                0x00000000080009fc                LTDC_ER_IRQHandler
                0x00000000080009fc                HRTIM1_TIME_IRQHandler
                0x00000000080009fc                TIM6_DAC_IRQHandler
                0x00000000080009fc                DCMI_IRQHandler
                0x00000000080009fc                HRTIM1_TIMC_IRQHandler
                0x00000000080009fc                SAI2_IRQHandler
                0x00000000080009fc                DFSDM1_FLT3_IRQHandler
                0x00000000080009fc                TIM17_IRQHandler
                0x00000000080009fc                CRYP_IRQHandler
                0x00000000080009fc                BDMA_Channel7_IRQHandler
                0x00000000080009fc                LPTIM5_IRQHandler
                0x00000000080009fc                ADC3_IRQHandler
                0x00000000080009fc                DMA2_Stream0_IRQHandler
                0x00000000080009fc                BDMA_Channel2_IRQHandler
                0x00000000080009fc                DMAMUX1_OVR_IRQHandler
                0x00000000080009fc                TIM16_IRQHandler
                0x00000000080009fc                BDMA_Channel5_IRQHandler
                0x00000000080009fc                RCC_IRQHandler
                0x00000000080009fc                TIM8_BRK_TIM12_IRQHandler
                0x00000000080009fc                TIM1_TRG_COM_IRQHandler
                0x00000000080009fc                Default_Handler
                0x00000000080009fc                ECC_IRQHandler
                0x00000000080009fc                CEC_IRQHandler
                0x00000000080009fc                EXTI15_10_IRQHandler
                0x00000000080009fc                BDMA_Channel0_IRQHandler
                0x00000000080009fc                ADC_IRQHandler
                0x00000000080009fc                DMA1_Stream7_IRQHandler
                0x00000000080009fc                HRTIM1_TIMA_IRQHandler
                0x00000000080009fc                TIM7_IRQHandler
                0x00000000080009fc                SDMMC1_IRQHandler
                0x00000000080009fc                DMA2_Stream7_IRQHandler
                0x00000000080009fc                TIM15_IRQHandler
                0x00000000080009fc                PVD_AVD_IRQHandler
                0x00000000080009fc                EXTI9_5_IRQHandler
                0x00000000080009fc                RTC_WKUP_IRQHandler
                0x00000000080009fc                LTDC_IRQHandler
                0x00000000080009fc                SAI3_IRQHandler
                0x00000000080009fc                ETH_WKUP_IRQHandler
                0x00000000080009fc                SPDIF_RX_IRQHandler
                0x00000000080009fc                MemManage_Handler
                0x00000000080009fc                SVC_Handler
                0x00000000080009fc                CRS_IRQHandler
                0x00000000080009fc                EXTI4_IRQHandler
                0x00000000080009fc                HRTIM1_TIMB_IRQHandler
                0x00000000080009fc                FDCAN2_IT1_IRQHandler
                0x00000000080009fc                ETH_IRQHandler
                0x00000000080009fc                TIM1_UP_IRQHandler
                0x00000000080009fc                BDMA_Channel4_IRQHandler
                0x00000000080009fc                WWDG_IRQHandler
                0x00000000080009fc                SPI6_IRQHandler
                0x00000000080009fc                I2C4_EV_IRQHandler
                0x00000000080009fc                MDIOS_IRQHandler
                0x00000000080009fc                FDCAN2_IT0_IRQHandler
                0x00000000080009fc                FDCAN1_IT0_IRQHandler
                0x00000000080009fc                OTG_FS_WKUP_IRQHandler
                0x00000000080009fc                DMA2D_IRQHandler
                0x00000000080009fc                TIM1_BRK_IRQHandler
                0x00000000080009fc                EXTI1_IRQHandler
                0x00000000080009fc                SDMMC2_IRQHandler
                0x00000000080009fc                BDMA_Channel3_IRQHandler
                0x00000000080009fc                MDIOS_WKUP_IRQHandler
                0x00000000080009fc                DFSDM1_FLT0_IRQHandler
                0x00000000080009fc                SAI4_IRQHandler
                0x00000000080009fc                I2C2_ER_IRQHandler
                0x00000000080009fc                DMA2_Stream1_IRQHandler
                0x00000000080009fc                FLASH_IRQHandler
                0x00000000080009fc                BusFault_Handler
                0x00000000080009fc                WAKEUP_PIN_IRQHandler
                0x00000000080009fc                I2C1_ER_IRQHandler
                0x00000000080009fc                FMC_IRQHandler
                0x00000000080009fc                FDCAN_CAL_IRQHandler
                0x00000000080009fc                SWPMI1_IRQHandler
                0x00000000080009fc                COMP1_IRQHandler
                0x00000000080009fc                LPTIM1_IRQHandler
                0x00000000080009fc                I2C4_ER_IRQHandler
                0x00000000080009fc                DMA2_Stream6_IRQHandler
                0x00000000080009fc                RTC_Alarm_IRQHandler
 .text.Reset_Handler
                0x0000000008000a00       0x44 build/startup_stm32h750xx.o
                0x0000000008000a00                Reset_Handler
 .text._ZN5daisy9DaisySeedD2Ev
                0x0000000008000a44        0x4 build/myAdditiveSynth.o
                0x0000000008000a44                daisy::DaisySeed::~DaisySeed()
                0x0000000008000a44                daisy::DaisySeed::~DaisySeed()
 .text.__tcf_0  0x0000000008000a48        0x4 build/myAdditiveSynth.o
 .text._ZN7daisysp18HarmonicOscillatorILi5EED2Ev
                0x0000000008000a4c        0x4 build/myAdditiveSynth.o
                0x0000000008000a4c                daisysp::HarmonicOscillator<5>::~HarmonicOscillator()
                0x0000000008000a4c                daisysp::HarmonicOscillator<5>::~HarmonicOscillator()
 .text._ZN5daisy11MidiHandlerINS_16MidiUsbTransportEED2Ev
                0x0000000008000a50        0x4 build/myAdditiveSynth.o
                0x0000000008000a50                daisy::MidiHandler<daisy::MidiUsbTransport>::~MidiHandler()
                0x0000000008000a50                daisy::MidiHandler<daisy::MidiUsbTransport>::~MidiHandler()
 .text.startup.main
                0x0000000008000a54      0x204 build/myAdditiveSynth.o
                0x0000000008000a54                main
 .text._Z14handleEncodersv
                0x0000000008000c58       0xa8 build/myAdditiveSynth.o
                0x0000000008000c58                handleEncoders()
 .text._ZN5daisy11MidiHandlerINS_16MidiUsbTransportEE5ParseEh
                0x0000000008000d00      0x2c0 build/myAdditiveSynth.o
                0x0000000008000d00                daisy::MidiHandler<daisy::MidiUsbTransport>::Parse(unsigned char)
 .text._Z11midiHandlerv
                0x0000000008000fc0      0x164 build/myAdditiveSynth.o
                0x0000000008000fc0                midiHandler()
 .text._ZL13AudioCallbackPKfPfj
                0x0000000008001124      0x1a4 build/myAdditiveSynth.o
 .text.startup._GLOBAL__sub_I_midi
                0x00000000080012c8       0x78 build/myAdditiveSynth.o
 .text._ZN5daisy9DaisySeed9ConfigureEv
                0x0000000008001340        0x4 ../../../libDaisy/build/libdaisy.a(daisy_seed.o)
                0x0000000008001340                daisy::DaisySeed::Configure()
 .text._ZN5daisy9DaisySeed6GetPinEh
                0x0000000008001344       0x2c ../../../libDaisy/build/libdaisy.a(daisy_seed.o)
                0x0000000008001344                daisy::DaisySeed::GetPin(unsigned char)
 .text._ZN5daisy9DaisySeed10StartAudioEPFvPKfPfjE
                0x0000000008001370        0x8 ../../../libDaisy/build/libdaisy.a(daisy_seed.o)
                0x0000000008001370                daisy::DaisySeed::StartAudio(void (*)(float const*, float*, unsigned int))
 .text._ZN5daisy9DaisySeed15AudioSampleRateEv
                0x0000000008001378        0x8 ../../../libDaisy/build/libdaisy.a(daisy_seed.o)
                0x0000000008001378                daisy::DaisySeed::AudioSampleRate()
 .text._ZN5daisy9DaisySeed17SetAudioBlockSizeEj
                0x0000000008001380       0x38 ../../../libDaisy/build/libdaisy.a(daisy_seed.o)
                0x0000000008001380                daisy::DaisySeed::SetAudioBlockSize(unsigned int)
 .text._ZN5daisy9DaisySeed14ConfigureAudioEv
                0x00000000080013b8       0xd0 ../../../libDaisy/build/libdaisy.a(daisy_seed.o)
                0x00000000080013b8                daisy::DaisySeed::ConfigureAudio()
 .text._ZN5daisy9DaisySeed4InitEb
                0x0000000008001488       0xf0 ../../../libDaisy/build/libdaisy.a(daisy_seed.o)
                0x0000000008001488                daisy::DaisySeed::Init(bool)
 .text._ZN5daisy6Ak45564InitE12dsy_gpio_pin
                0x0000000008001578       0x44 ../../../libDaisy/build/libdaisy.a(codec_ak4556.o)
                0x0000000008001578                daisy::Ak4556::Init(dsy_gpio_pin)
 .text._ZN5daisy6Wm873120WriteControlRegisterEht
                0x00000000080015bc       0x3c ../../../libDaisy/build/libdaisy.a(codec_wm8731.o)
                0x00000000080015bc                daisy::Wm8731::WriteControlRegister(unsigned char, unsigned short)
 .text._ZN5daisy6Wm87314InitERKNS0_6ConfigENS_9I2CHandleE
                0x00000000080015f8      0x1bc ../../../libDaisy/build/libdaisy.a(codec_wm8731.o)
                0x00000000080015f8                daisy::Wm8731::Init(daisy::Wm8731::Config const&, daisy::I2CHandle)
 .text._ZN11SdramHandle10DeviceInitEv
                0x00000000080017b4       0x98 ../../../libDaisy/build/libdaisy.a(sdram.o)
                0x00000000080017b4                SdramHandle::DeviceInit()
 .text._ZN11SdramHandle4InitEv
                0x000000000800184c       0x7c ../../../libDaisy/build/libdaisy.a(sdram.o)
                0x000000000800184c                SdramHandle::Init()
 .text.HAL_SDRAM_MspInit
                0x00000000080018c8      0x1a8 ../../../libDaisy/build/libdaisy.a(sdram.o)
                0x00000000080018c8                HAL_SDRAM_MspInit
 .text._ZN5daisy11AudioHandle4Impl16InternalCallbackEPlS2_j
                0x0000000008001a70      0xbbc ../../../libDaisy/build/libdaisy.a(audio.o)
                0x0000000008001a70                daisy::AudioHandle::Impl::InternalCallback(long*, long*, unsigned int)
 .text._ZN5daisy11AudioHandle4InitERKNS0_6ConfigENS_9SaiHandleE
                0x000000000800262c       0x70 ../../../libDaisy/build/libdaisy.a(audio.o)
                0x000000000800262c                daisy::AudioHandle::Init(daisy::AudioHandle::Config const&, daisy::SaiHandle)
 .text._ZNK5daisy11AudioHandle9GetConfigEv
                0x000000000800269c        0x8 ../../../libDaisy/build/libdaisy.a(audio.o)
                0x000000000800269c                daisy::AudioHandle::GetConfig() const
 .text._ZN5daisy11AudioHandle12SetBlockSizeEj
                0x00000000080026a4       0x1c ../../../libDaisy/build/libdaisy.a(audio.o)
                0x00000000080026a4                daisy::AudioHandle::SetBlockSize(unsigned int)
 .text._ZN5daisy11AudioHandle13GetSampleRateEv
                0x00000000080026c0        0x8 ../../../libDaisy/build/libdaisy.a(audio.o)
                0x00000000080026c0                daisy::AudioHandle::GetSampleRate()
 .text._ZN5daisy11AudioHandle5StartEPFvPKfPfjE
                0x00000000080026c8       0x2c ../../../libDaisy/build/libdaisy.a(audio.o)
                0x00000000080026c8                daisy::AudioHandle::Start(void (*)(float const*, float*, unsigned int))
 .text.startup._GLOBAL__sub_I__ZN5daisy11AudioHandle4Impl4InitENS0_6ConfigENS_9SaiHandleE
                0x00000000080026f4       0x24 ../../../libDaisy/build/libdaisy.a(audio.o)
 .text._ZN5daisy7Encoder4InitE12dsy_gpio_pinS1_S1_f
                0x0000000008002718       0x60 ../../../libDaisy/build/libdaisy.a(encoder.o)
                0x0000000008002718                daisy::Encoder::Init(dsy_gpio_pin, dsy_gpio_pin, dsy_gpio_pin, float)
 .text._ZN5daisy7Encoder8DebounceEv
                0x0000000008002778       0x7c ../../../libDaisy/build/libdaisy.a(encoder.o)
                0x0000000008002778                daisy::Encoder::Debounce()
 .text._ZN5daisy9UsbHandleD2Ev
                0x00000000080027f4        0x4 ../../../libDaisy/build/libdaisy.a(logger.o)
                0x00000000080027f4                daisy::UsbHandle::~UsbHandle()
                0x00000000080027f4                daisy::UsbHandle::~UsbHandle()
 .text._ZN5daisy6LoggerILNS_17LoggerDestinationE1EE11TransmitBufEv
                0x00000000080027f8       0x60 ../../../libDaisy/build/libdaisy.a(logger.o)
                0x00000000080027f8                daisy::Logger<(daisy::LoggerDestination)1>::TransmitBuf()
 .text._ZN5daisy6LoggerILNS_17LoggerDestinationE1EE13AppendNewLineEv
                0x0000000008002858       0x60 ../../../libDaisy/build/libdaisy.a(logger.o)
                0x0000000008002858                daisy::Logger<(daisy::LoggerDestination)1>::AppendNewLine()
 .text._ZN5daisy6LoggerILNS_17LoggerDestinationE1EE10PrintLineVEPKcSt9__va_list
                0x00000000080028b8       0x30 ../../../libDaisy/build/libdaisy.a(logger.o)
                0x00000000080028b8                daisy::Logger<(daisy::LoggerDestination)1>::PrintLineV(char const*, std::__va_list)
 .text._ZN5daisy6LoggerILNS_17LoggerDestinationE1EE9PrintLineEPKcz
                0x00000000080028e8       0x1c ../../../libDaisy/build/libdaisy.a(logger.o)
                0x00000000080028e8                daisy::Logger<(daisy::LoggerDestination)1>::PrintLine(char const*, ...)
 .text._ZN5daisy6LoggerILNS_17LoggerDestinationE1EE8StartLogEb
                0x0000000008002904       0x40 ../../../libDaisy/build/libdaisy.a(logger.o)
                0x0000000008002904                daisy::Logger<(daisy::LoggerDestination)1>::StartLog(bool)
 .text.startup._GLOBAL__sub_I__ZN5daisy10LoggerImplILNS_17LoggerDestinationE1EE11usb_handle_E
                0x0000000008002944       0x2c ../../../libDaisy/build/libdaisy.a(logger.o)
 .text._ZN5daisy6Switch4InitE12dsy_gpio_pinf
                0x0000000008002970       0x34 ../../../libDaisy/build/libdaisy.a(switch.o)
                0x0000000008002970                daisy::Switch::Init(dsy_gpio_pin, float)
 .text._ZN5daisy6Switch8DebounceEv
                0x00000000080029a4       0x5c ../../../libDaisy/build/libdaisy.a(switch.o)
                0x00000000080029a4                daisy::Switch::Debounce()
 .text.DummyRxCallback
                0x0000000008002a00        0x4 ../../../libDaisy/build/libdaisy.a(usb.o)
                0x0000000008002a00                DummyRxCallback
 .text._ZN5daisy9UsbHandle4InitENS0_9UsbPeriphE
                0x0000000008002a04      0x10c ../../../libDaisy/build/libdaisy.a(usb.o)
                0x0000000008002a04                daisy::UsbHandle::Init(daisy::UsbHandle::UsbPeriph)
 .text._ZN5daisy9UsbHandle16TransmitInternalEPhj
                0x0000000008002b10       0x14 ../../../libDaisy/build/libdaisy.a(usb.o)
                0x0000000008002b10                daisy::UsbHandle::TransmitInternal(unsigned char*, unsigned int)
 .text._ZN5daisy9UsbHandle18SetReceiveCallbackEPFvPhPmENS0_9UsbPeriphE
                0x0000000008002b24       0x38 ../../../libDaisy/build/libdaisy.a(usb.o)
                0x0000000008002b24                daisy::UsbHandle::SetReceiveCallback(void (*)(unsigned char*, unsigned long*), daisy::UsbHandle::UsbPeriph)
 .text.OTG_FS_EP1_OUT_IRQHandler
                0x0000000008002b5c        0xc ../../../libDaisy/build/libdaisy.a(usb.o)
                0x0000000008002b5c                OTG_FS_EP1_OUT_IRQHandler
 .text.OTG_FS_EP1_IN_IRQHandler
                0x0000000008002b68        0xc ../../../libDaisy/build/libdaisy.a(usb.o)
                0x0000000008002b68                OTG_FS_EP1_IN_IRQHandler
 .text.OTG_FS_IRQHandler
                0x0000000008002b74        0xc ../../../libDaisy/build/libdaisy.a(usb.o)
                0x0000000008002b74                OTG_FS_IRQHandler
 .text._ZN5daisy16MidiUsbTransport4ImplD2Ev
                0x0000000008002b80        0x4 ../../../libDaisy/build/libdaisy.a(usb_midi.o)
                0x0000000008002b80                daisy::MidiUsbTransport::Impl::~Impl()
                0x0000000008002b80                daisy::MidiUsbTransport::Impl::~Impl()
 .text._Z15ReceiveCallbackPhPm
                0x0000000008002b84       0x9c ../../../libDaisy/build/libdaisy.a(usb_midi.o)
                0x0000000008002b84                ReceiveCallback(unsigned char*, unsigned long*)
 .text._ZN5daisy16MidiUsbTransport4InitENS0_6ConfigE
                0x0000000008002c20       0x50 ../../../libDaisy/build/libdaisy.a(usb_midi.o)
                0x0000000008002c20                daisy::MidiUsbTransport::Init(daisy::MidiUsbTransport::Config)
 .text._ZN5daisy16MidiUsbTransport7StartRxEv
                0x0000000008002c70        0x8 ../../../libDaisy/build/libdaisy.a(usb_midi.o)
                0x0000000008002c70                daisy::MidiUsbTransport::StartRx()
 .text._ZN5daisy16MidiUsbTransport8ReadableEv
                0x0000000008002c78       0x14 ../../../libDaisy/build/libdaisy.a(usb_midi.o)
                0x0000000008002c78                daisy::MidiUsbTransport::Readable()
 .text._ZN5daisy16MidiUsbTransport2RxEv
                0x0000000008002c8c       0x28 ../../../libDaisy/build/libdaisy.a(usb_midi.o)
                0x0000000008002c8c                daisy::MidiUsbTransport::Rx()
 .text._ZN5daisy16MidiUsbTransport8RxActiveEv
                0x0000000008002cb4        0x8 ../../../libDaisy/build/libdaisy.a(usb_midi.o)
                0x0000000008002cb4                daisy::MidiUsbTransport::RxActive()
 .text._ZN5daisy16MidiUsbTransport7FlushRxEv
                0x0000000008002cbc        0xc ../../../libDaisy/build/libdaisy.a(usb_midi.o)
                0x0000000008002cbc                daisy::MidiUsbTransport::FlushRx()
 .text.startup._GLOBAL__sub_I__Z15ReceiveCallbackPhPm
                0x0000000008002cc8       0x58 ../../../libDaisy/build/libdaisy.a(usb_midi.o)
 .text.dsy_gpio_init
                0x0000000008002d20      0x1b8 ../../../libDaisy/build/libdaisy.a(gpio.o)
                0x0000000008002d20                dsy_gpio_init
 .text.dsy_gpio_read
                0x0000000008002ed8       0x1c ../../../libDaisy/build/libdaisy.a(gpio.o)
                0x0000000008002ed8                dsy_gpio_read
 .text.dsy_gpio_write
                0x0000000008002ef4       0x24 ../../../libDaisy/build/libdaisy.a(gpio.o)
                0x0000000008002ef4                dsy_gpio_write
 .text._ZN5daisy9I2CHandle4Impl8InitPinsEv
                0x0000000008002f18       0x58 ../../../libDaisy/build/libdaisy.a(i2c.o)
                0x0000000008002f18                daisy::I2CHandle::Impl::InitPins()
 .text.HAL_I2C_MspInit
                0x0000000008002f70      0x1b4 ../../../libDaisy/build/libdaisy.a(i2c.o)
                0x0000000008002f70                HAL_I2C_MspInit
 .text.dsy_i2c_global_init
                0x0000000008003124       0x78 ../../../libDaisy/build/libdaisy.a(i2c.o)
                0x0000000008003124                dsy_i2c_global_init
 .text.DMA1_Stream6_IRQHandler
                0x000000000800319c       0x34 ../../../libDaisy/build/libdaisy.a(i2c.o)
                0x000000000800319c                DMA1_Stream6_IRQHandler
 .text.I2C1_EV_IRQHandler
                0x00000000080031d0        0xc ../../../libDaisy/build/libdaisy.a(i2c.o)
                0x00000000080031d0                I2C1_EV_IRQHandler
 .text.I2C2_EV_IRQHandler
                0x00000000080031dc        0xc ../../../libDaisy/build/libdaisy.a(i2c.o)
                0x00000000080031dc                I2C2_EV_IRQHandler
 .text.I2C3_EV_IRQHandler
                0x00000000080031e8        0xc ../../../libDaisy/build/libdaisy.a(i2c.o)
                0x00000000080031e8                I2C3_EV_IRQHandler
 .text._ZN5daisy9I2CHandle4InitERKNS0_6ConfigE
                0x00000000080031f4      0x12c ../../../libDaisy/build/libdaisy.a(i2c.o)
                0x00000000080031f4                daisy::I2CHandle::Init(daisy::I2CHandle::Config const&)
 .text._ZN5daisy9I2CHandle16TransmitBlockingEtPhtm
                0x0000000008003320       0x50 ../../../libDaisy/build/libdaisy.a(i2c.o)
                0x0000000008003320                daisy::I2CHandle::TransmitBlocking(unsigned short, unsigned char*, unsigned short, unsigned long)
 .text.startup._GLOBAL__sub_I__ZN5daisy9I2CHandle4Impl10GlobalInitEv
                0x0000000008003370       0x18 ../../../libDaisy/build/libdaisy.a(i2c.o)
 .text._ZN5daisy10QSPIHandle4Impl11WriteEnableEv
                0x0000000008003388       0x8c ../../../libDaisy/build/libdaisy.a(qspi.o)
                0x0000000008003388                daisy::QSPIHandle::Impl::WriteEnable()
 *fill*         0x0000000008003414        0x4 
 .text._ZN5daisy10QSPIHandle4Impl17DummyCyclesConfigENS0_6Config6DeviceE
                0x0000000008003418      0x118 ../../../libDaisy/build/libdaisy.a(qspi.o)
                0x0000000008003418                daisy::QSPIHandle::Impl::DummyCyclesConfig(daisy::QSPIHandle::Config::Device)
 .text._ZN5daisy10QSPIHandle4Impl10QuadEnableEv
                0x0000000008003530      0x158 ../../../libDaisy/build/libdaisy.a(qspi.o)
                0x0000000008003530                daisy::QSPIHandle::Impl::QuadEnable()
 .text._ZN5daisy10QSPIHandle4InitERKNS0_6ConfigE
                0x0000000008003688      0x198 ../../../libDaisy/build/libdaisy.a(qspi.o)
                0x0000000008003688                daisy::QSPIHandle::Init(daisy::QSPIHandle::Config const&)
 .text.HAL_QSPI_MspInit
                0x0000000008003820      0x11c ../../../libDaisy/build/libdaisy.a(qspi.o)
                0x0000000008003820                HAL_QSPI_MspInit
 .text.HAL_QSPI_MspDeInit
                0x000000000800393c       0x54 ../../../libDaisy/build/libdaisy.a(qspi.o)
                0x000000000800393c                HAL_QSPI_MspDeInit
 .text.QUADSPI_IRQHandler
                0x0000000008003990        0xc ../../../libDaisy/build/libdaisy.a(qspi.o)
                0x0000000008003990                QUADSPI_IRQHandler
 .text.startup._GLOBAL__sub_I__ZN5daisy10QSPIHandle4Impl4InitERKNS0_6ConfigE
                0x000000000800399c       0x28 ../../../libDaisy/build/libdaisy.a(qspi.o)
 .text._ZN5daisy9SaiHandle4Impl7InitDmaENS1_15PeripheralBlockE
                0x00000000080039c4       0xa0 ../../../libDaisy/build/libdaisy.a(sai.o)
                0x00000000080039c4                daisy::SaiHandle::Impl::InitDma(daisy::SaiHandle::Impl::PeripheralBlock)
 .text._ZN5daisy9SaiHandle4Impl8InitPinsEv
                0x0000000008003a64       0xa8 ../../../libDaisy/build/libdaisy.a(sai.o)
                0x0000000008003a64                daisy::SaiHandle::Impl::InitPins()
 .text.HAL_SAI_MspInit
                0x0000000008003b0c      0x164 ../../../libDaisy/build/libdaisy.a(sai.o)
                0x0000000008003b0c                HAL_SAI_MspInit
 .text.DMA1_Stream0_IRQHandler
                0x0000000008003c70        0xc ../../../libDaisy/build/libdaisy.a(sai.o)
                0x0000000008003c70                DMA1_Stream0_IRQHandler
 .text.DMA1_Stream1_IRQHandler
                0x0000000008003c7c        0xc ../../../libDaisy/build/libdaisy.a(sai.o)
                0x0000000008003c7c                DMA1_Stream1_IRQHandler
 .text.DMA1_Stream3_IRQHandler
                0x0000000008003c88        0xc ../../../libDaisy/build/libdaisy.a(sai.o)
                0x0000000008003c88                DMA1_Stream3_IRQHandler
 .text.DMA1_Stream4_IRQHandler
                0x0000000008003c94        0xc ../../../libDaisy/build/libdaisy.a(sai.o)
                0x0000000008003c94                DMA1_Stream4_IRQHandler
 .text.HAL_SAI_RxHalfCpltCallback
                0x0000000008003ca0       0x78 ../../../libDaisy/build/libdaisy.a(sai.o)
                0x0000000008003ca0                HAL_SAI_RxHalfCpltCallback
 .text.HAL_SAI_RxCpltCallback
                0x0000000008003d18       0x70 ../../../libDaisy/build/libdaisy.a(sai.o)
                0x0000000008003d18                HAL_SAI_RxCpltCallback
 .text._ZN5daisy9SaiHandle4InitERKNS0_6ConfigE
                0x0000000008003d88      0x1f0 ../../../libDaisy/build/libdaisy.a(sai.o)
                0x0000000008003d88                daisy::SaiHandle::Init(daisy::SaiHandle::Config const&)
 .text._ZNK5daisy9SaiHandle9GetConfigEv
                0x0000000008003f78        0x4 ../../../libDaisy/build/libdaisy.a(sai.o)
                0x0000000008003f78                daisy::SaiHandle::GetConfig() const
 .text._ZN5daisy9SaiHandle8StartDmaEPlS1_jPFvS1_S1_jE
                0x0000000008003f7c       0xbc ../../../libDaisy/build/libdaisy.a(sai.o)
                0x0000000008003f7c                daisy::SaiHandle::StartDma(long*, long*, unsigned int, void (*)(long*, long*, unsigned int))
 .text._ZN5daisy9SaiHandle13GetSampleRateEv
                0x0000000008004038       0x24 ../../../libDaisy/build/libdaisy.a(sai.o)
                0x0000000008004038                daisy::SaiHandle::GetSampleRate()
 .text._ZNK5daisy9SaiHandle9GetOffsetEv
                0x000000000800405c        0x8 ../../../libDaisy/build/libdaisy.a(sai.o)
                0x000000000800405c                daisy::SaiHandle::GetOffset() const
 .text._ZN5daisy11TimerHandleD2Ev
                0x0000000008004064        0x4 ../../../libDaisy/build/libdaisy.a(system.o)
                0x0000000008004064                daisy::TimerHandle::~TimerHandle()
                0x0000000008004064                daisy::TimerHandle::~TimerHandle()
 .text.SysTick_Handler
                0x0000000008004068       0x10 ../../../libDaisy/build/libdaisy.a(system.o)
                0x0000000008004068                SysTick_Handler
 .text.OTG_HS_EP1_OUT_IRQHandler
                0x0000000008004078       0x24 ../../../libDaisy/build/libdaisy.a(system.o)
                0x0000000008004078                OTG_HS_EP1_OUT_IRQHandler
 .text.OTG_HS_EP1_IN_IRQHandler
                0x000000000800409c       0x24 ../../../libDaisy/build/libdaisy.a(system.o)
                0x000000000800409c                OTG_HS_EP1_IN_IRQHandler
 .text.OTG_HS_IRQHandler
                0x00000000080040c0       0x24 ../../../libDaisy/build/libdaisy.a(system.o)
                0x00000000080040c0                OTG_HS_IRQHandler
 .text.HardFault_Handler
                0x00000000080040e4       0xe0 ../../../libDaisy/build/libdaisy.a(system.o)
                0x00000000080040e4                HardFault_Handler
 .text._ZN5daisy6System6GetNowEv
                0x00000000080041c4        0x4 ../../../libDaisy/build/libdaisy.a(system.o)
                0x00000000080041c4                daisy::System::GetNow()
 .text._ZN5daisy6System5DelayEm
                0x00000000080041c8        0x4 ../../../libDaisy/build/libdaisy.a(system.o)
                0x00000000080041c8                daisy::System::Delay(unsigned long)
 .text._ZN5daisy6System15ConfigureClocksEv
                0x00000000080041cc      0x194 ../../../libDaisy/build/libdaisy.a(system.o)
                0x00000000080041cc                daisy::System::ConfigureClocks()
 .text._ZN5daisy6System4InitERKNS0_6ConfigE
                0x0000000008004360      0x140 ../../../libDaisy/build/libdaisy.a(system.o)
                0x0000000008004360                daisy::System::Init(daisy::System::Config const&)
 .text._ZN5daisy6System12GetPClk1FreqEv
                0x00000000080044a0        0x4 ../../../libDaisy/build/libdaisy.a(system.o)
                0x00000000080044a0                daisy::System::GetPClk1Freq()
 .text._ZN5daisy6System22GetProgramMemoryRegionEv
                0x00000000080044a4       0x78 ../../../libDaisy/build/libdaisy.a(system.o)
                0x00000000080044a4                daisy::System::GetProgramMemoryRegion()
 .text.startup._GLOBAL__sub_I_SysTick_Handler
                0x000000000800451c       0x1c ../../../libDaisy/build/libdaisy.a(system.o)
 .text.SystemInit
                0x0000000008004538       0x9c ../../../libDaisy/build/libdaisy.a(system_stm32h7xx.o)
                0x0000000008004538                SystemInit
 .text.dummy_rx_callback
                0x00000000080045d4        0x4 ../../../libDaisy/build/libdaisy.a(usbd_cdc_if.o)
                0x00000000080045d4                dummy_rx_callback
 .text.CDC_DeInit_FS
                0x00000000080045d8        0x4 ../../../libDaisy/build/libdaisy.a(usbd_cdc_if.o)
 .text.CDC_Receive_FS
                0x00000000080045dc       0x2c ../../../libDaisy/build/libdaisy.a(usbd_cdc_if.o)
 .text.CDC_Receive_HS
                0x0000000008004608       0x2c ../../../libDaisy/build/libdaisy.a(usbd_cdc_if.o)
 .text.CDC_Init_FS
                0x0000000008004634       0x3c ../../../libDaisy/build/libdaisy.a(usbd_cdc_if.o)
 .text.CDC_Init_HS
                0x0000000008004670       0x3c ../../../libDaisy/build/libdaisy.a(usbd_cdc_if.o)
 .text.CDC_Control_FS
                0x00000000080046ac       0x34 ../../../libDaisy/build/libdaisy.a(usbd_cdc_if.o)
 .text.CDC_Control_HS
                0x00000000080046e0       0x34 ../../../libDaisy/build/libdaisy.a(usbd_cdc_if.o)
 .text.CDC_DeInit_HS
                0x0000000008004714        0x4 ../../../libDaisy/build/libdaisy.a(usbd_cdc_if.o)
 .text.CDC_Transmit_FS
                0x0000000008004718       0x2c ../../../libDaisy/build/libdaisy.a(usbd_cdc_if.o)
                0x0000000008004718                CDC_Transmit_FS
 .text.CDC_Set_Rx_Callback_FS
                0x0000000008004744        0xc ../../../libDaisy/build/libdaisy.a(usbd_cdc_if.o)
                0x0000000008004744                CDC_Set_Rx_Callback_FS
 .text.CDC_Set_Rx_Callback_HS
                0x0000000008004750        0xc ../../../libDaisy/build/libdaisy.a(usbd_cdc_if.o)
                0x0000000008004750                CDC_Set_Rx_Callback_HS
 .text.HAL_PCD_MspInit
                0x000000000800475c      0x144 ../../../libDaisy/build/libdaisy.a(usbd_conf.o)
                0x000000000800475c                HAL_PCD_MspInit
 .text.HAL_PCD_SetupStageCallback
                0x00000000080048a0        0xc ../../../libDaisy/build/libdaisy.a(usbd_conf.o)
                0x00000000080048a0                HAL_PCD_SetupStageCallback
 .text.HAL_PCD_DataOutStageCallback
                0x00000000080048ac       0x14 ../../../libDaisy/build/libdaisy.a(usbd_conf.o)
                0x00000000080048ac                HAL_PCD_DataOutStageCallback
 .text.HAL_PCD_DataInStageCallback
                0x00000000080048c0       0x14 ../../../libDaisy/build/libdaisy.a(usbd_conf.o)
                0x00000000080048c0                HAL_PCD_DataInStageCallback
 .text.HAL_PCD_SOFCallback
                0x00000000080048d4        0x8 ../../../libDaisy/build/libdaisy.a(usbd_conf.o)
                0x00000000080048d4                HAL_PCD_SOFCallback
 .text.HAL_PCD_ResetCallback
                0x00000000080048dc       0x24 ../../../libDaisy/build/libdaisy.a(usbd_conf.o)
                0x00000000080048dc                HAL_PCD_ResetCallback
 .text.HAL_PCD_SuspendCallback
                0x0000000008004900       0x30 ../../../libDaisy/build/libdaisy.a(usbd_conf.o)
                0x0000000008004900                HAL_PCD_SuspendCallback
 .text.HAL_PCD_ResumeCallback
                0x0000000008004930        0x8 ../../../libDaisy/build/libdaisy.a(usbd_conf.o)
                0x0000000008004930                HAL_PCD_ResumeCallback
 .text.HAL_PCD_ISOOUTIncompleteCallback
                0x0000000008004938        0x8 ../../../libDaisy/build/libdaisy.a(usbd_conf.o)
                0x0000000008004938                HAL_PCD_ISOOUTIncompleteCallback
 .text.HAL_PCD_ISOINIncompleteCallback
                0x0000000008004940        0x8 ../../../libDaisy/build/libdaisy.a(usbd_conf.o)
                0x0000000008004940                HAL_PCD_ISOINIncompleteCallback
 .text.HAL_PCD_ConnectCallback
                0x0000000008004948        0x8 ../../../libDaisy/build/libdaisy.a(usbd_conf.o)
                0x0000000008004948                HAL_PCD_ConnectCallback
 .text.HAL_PCD_DisconnectCallback
                0x0000000008004950        0x8 ../../../libDaisy/build/libdaisy.a(usbd_conf.o)
                0x0000000008004950                HAL_PCD_DisconnectCallback
 .text.USBD_LL_Init
                0x0000000008004958       0xe4 ../../../libDaisy/build/libdaisy.a(usbd_conf.o)
                0x0000000008004958                USBD_LL_Init
 .text.USBD_LL_Start
                0x0000000008004a3c       0x1c ../../../libDaisy/build/libdaisy.a(usbd_conf.o)
                0x0000000008004a3c                USBD_LL_Start
 .text.USBD_LL_OpenEP
                0x0000000008004a58       0x24 ../../../libDaisy/build/libdaisy.a(usbd_conf.o)
                0x0000000008004a58                USBD_LL_OpenEP
 .text.USBD_LL_CloseEP
                0x0000000008004a7c       0x1c ../../../libDaisy/build/libdaisy.a(usbd_conf.o)
                0x0000000008004a7c                USBD_LL_CloseEP
 .text.USBD_LL_StallEP
                0x0000000008004a98       0x1c ../../../libDaisy/build/libdaisy.a(usbd_conf.o)
                0x0000000008004a98                USBD_LL_StallEP
 .text.USBD_LL_ClearStallEP
                0x0000000008004ab4       0x1c ../../../libDaisy/build/libdaisy.a(usbd_conf.o)
                0x0000000008004ab4                USBD_LL_ClearStallEP
 .text.USBD_LL_IsStallEP
                0x0000000008004ad0       0x28 ../../../libDaisy/build/libdaisy.a(usbd_conf.o)
                0x0000000008004ad0                USBD_LL_IsStallEP
 .text.USBD_LL_SetUSBAddress
                0x0000000008004af8       0x1c ../../../libDaisy/build/libdaisy.a(usbd_conf.o)
                0x0000000008004af8                USBD_LL_SetUSBAddress
 .text.USBD_LL_Transmit
                0x0000000008004b14       0x1c ../../../libDaisy/build/libdaisy.a(usbd_conf.o)
                0x0000000008004b14                USBD_LL_Transmit
 .text.USBD_LL_PrepareReceive
                0x0000000008004b30       0x1c ../../../libDaisy/build/libdaisy.a(usbd_conf.o)
                0x0000000008004b30                USBD_LL_PrepareReceive
 .text.USBD_LL_GetRxDataSize
                0x0000000008004b4c        0x8 ../../../libDaisy/build/libdaisy.a(usbd_conf.o)
                0x0000000008004b4c                USBD_LL_GetRxDataSize
 .text.USBD_HS_DeviceDescriptor
                0x0000000008004b54        0xc ../../../libDaisy/build/libdaisy.a(usbd_desc.o)
                0x0000000008004b54                USBD_HS_DeviceDescriptor
 .text.USBD_FS_DeviceDescriptor
                0x0000000008004b60        0xc ../../../libDaisy/build/libdaisy.a(usbd_desc.o)
                0x0000000008004b60                USBD_FS_DeviceDescriptor
 .text.USBD_FS_LangIDStrDescriptor
                0x0000000008004b6c        0xc ../../../libDaisy/build/libdaisy.a(usbd_desc.o)
                0x0000000008004b6c                USBD_FS_LangIDStrDescriptor
 .text.USBD_FS_ManufacturerStrDescriptor
                0x0000000008004b78       0x1c ../../../libDaisy/build/libdaisy.a(usbd_desc.o)
                0x0000000008004b78                USBD_FS_ManufacturerStrDescriptor
 .text.USBD_HS_ProductStrDescriptor
                0x0000000008004b94       0x1c ../../../libDaisy/build/libdaisy.a(usbd_desc.o)
                0x0000000008004b94                USBD_HS_ProductStrDescriptor
 .text.USBD_FS_ConfigStrDescriptor
                0x0000000008004bb0       0x1c ../../../libDaisy/build/libdaisy.a(usbd_desc.o)
                0x0000000008004bb0                USBD_FS_ConfigStrDescriptor
 .text.USBD_FS_InterfaceStrDescriptor
                0x0000000008004bcc       0x1c ../../../libDaisy/build/libdaisy.a(usbd_desc.o)
                0x0000000008004bcc                USBD_FS_InterfaceStrDescriptor
 .text.USBD_FS_ProductStrDescriptor
                0x0000000008004be8       0x1c ../../../libDaisy/build/libdaisy.a(usbd_desc.o)
                0x0000000008004be8                USBD_FS_ProductStrDescriptor
 .text.USBD_HS_LangIDStrDescriptor
                0x0000000008004c04        0xc ../../../libDaisy/build/libdaisy.a(usbd_desc.o)
                0x0000000008004c04                USBD_HS_LangIDStrDescriptor
 .text.USBD_HS_ManufacturerStrDescriptor
                0x0000000008004c10       0x1c ../../../libDaisy/build/libdaisy.a(usbd_desc.o)
                0x0000000008004c10                USBD_HS_ManufacturerStrDescriptor
 .text.USBD_FS_SerialStrDescriptor
                0x0000000008004c2c      0x124 ../../../libDaisy/build/libdaisy.a(usbd_desc.o)
                0x0000000008004c2c                USBD_FS_SerialStrDescriptor
 .text.USBD_HS_SerialStrDescriptor
                0x0000000008004d50      0x124 ../../../libDaisy/build/libdaisy.a(usbd_desc.o)
                0x0000000008004d50                USBD_HS_SerialStrDescriptor
 .text.USBD_HS_InterfaceStrDescriptor
                0x0000000008004e74       0x1c ../../../libDaisy/build/libdaisy.a(usbd_desc.o)
                0x0000000008004e74                USBD_HS_InterfaceStrDescriptor
 .text.USBD_HS_ConfigStrDescriptor
                0x0000000008004e90       0x1c ../../../libDaisy/build/libdaisy.a(usbd_desc.o)
                0x0000000008004e90                USBD_HS_ConfigStrDescriptor
 .text.HAL_HCD_SOF_Callback
                0x0000000008004eac        0x8 ../../../libDaisy/build/libdaisy.a(usbh_conf.o)
                0x0000000008004eac                HAL_HCD_SOF_Callback
 .text.HAL_HCD_Connect_Callback
                0x0000000008004eb4        0x8 ../../../libDaisy/build/libdaisy.a(usbh_conf.o)
                0x0000000008004eb4                HAL_HCD_Connect_Callback
 .text.HAL_HCD_Disconnect_Callback
                0x0000000008004ebc        0x8 ../../../libDaisy/build/libdaisy.a(usbh_conf.o)
                0x0000000008004ebc                HAL_HCD_Disconnect_Callback
 .text.HAL_HCD_HC_NotifyURBChange_Callback
                0x0000000008004ec4        0x4 ../../../libDaisy/build/libdaisy.a(usbh_conf.o)
                0x0000000008004ec4                HAL_HCD_HC_NotifyURBChange_Callback
 .text.HAL_HCD_PortEnabled_Callback
                0x0000000008004ec8        0x8 ../../../libDaisy/build/libdaisy.a(usbh_conf.o)
                0x0000000008004ec8                HAL_HCD_PortEnabled_Callback
 .text.HAL_HCD_PortDisabled_Callback
                0x0000000008004ed0        0x8 ../../../libDaisy/build/libdaisy.a(usbh_conf.o)
                0x0000000008004ed0                HAL_HCD_PortDisabled_Callback
 .text.USBH_LL_Stop
                0x0000000008004ed8       0x1c ../../../libDaisy/build/libdaisy.a(usbh_conf.o)
                0x0000000008004ed8                USBH_LL_Stop
 .text.dsy_hal_map_get_port
                0x0000000008004ef4       0x10 ../../../libDaisy/build/libdaisy.a(hal_map.o)
                0x0000000008004ef4                dsy_hal_map_get_port
 .text.dsy_hal_map_get_pin
                0x0000000008004f04       0x10 ../../../libDaisy/build/libdaisy.a(hal_map.o)
                0x0000000008004f04                dsy_hal_map_get_pin
 .text.dsy_hal_map_gpio_clk_enable
                0x0000000008004f14      0x150 ../../../libDaisy/build/libdaisy.a(hal_map.o)
                0x0000000008004f14                dsy_hal_map_gpio_clk_enable
 .text.HAL_MspInit
                0x0000000008005064        0x4 ../../../libDaisy/build/libdaisy.a(stm32h7xx_hal.o)
                0x0000000008005064                HAL_MspInit
 .text.HAL_InitTick
                0x0000000008005068       0x4c ../../../libDaisy/build/libdaisy.a(stm32h7xx_hal.o)
                0x0000000008005068                HAL_InitTick
 .text.HAL_Init
                0x00000000080050b4       0x60 ../../../libDaisy/build/libdaisy.a(stm32h7xx_hal.o)
                0x00000000080050b4                HAL_Init
 .text.HAL_IncTick
                0x0000000008005114       0x18 ../../../libDaisy/build/libdaisy.a(stm32h7xx_hal.o)
                0x0000000008005114                HAL_IncTick
 .text.HAL_GetTick
                0x000000000800512c        0xc ../../../libDaisy/build/libdaisy.a(stm32h7xx_hal.o)
                0x000000000800512c                HAL_GetTick
 .text.HAL_Delay
                0x0000000008005138       0x24 ../../../libDaisy/build/libdaisy.a(stm32h7xx_hal.o)
                0x0000000008005138                HAL_Delay
 .text.HAL_GetREVID
                0x000000000800515c        0xc ../../../libDaisy/build/libdaisy.a(stm32h7xx_hal.o)
                0x000000000800515c                HAL_GetREVID
 .text.HAL_NVIC_SetPriorityGrouping
                0x0000000008005168       0x24 ../../../libDaisy/build/libdaisy.a(stm32h7xx_hal_cortex.o)
                0x0000000008005168                HAL_NVIC_SetPriorityGrouping
 .text.HAL_NVIC_SetPriority
                0x000000000800518c       0x7c ../../../libDaisy/build/libdaisy.a(stm32h7xx_hal_cortex.o)
                0x000000000800518c                HAL_NVIC_SetPriority
 .text.HAL_NVIC_EnableIRQ
                0x0000000008005208       0x1c ../../../libDaisy/build/libdaisy.a(stm32h7xx_hal_cortex.o)
                0x0000000008005208                HAL_NVIC_EnableIRQ
 .text.HAL_NVIC_DisableIRQ
                0x0000000008005224       0x28 ../../../libDaisy/build/libdaisy.a(stm32h7xx_hal_cortex.o)
                0x0000000008005224                HAL_NVIC_DisableIRQ
 .text.HAL_SYSTICK_Config
                0x000000000800524c       0x2c ../../../libDaisy/build/libdaisy.a(stm32h7xx_hal_cortex.o)
                0x000000000800524c                HAL_SYSTICK_Config
 .text.HAL_MPU_Disable
                0x0000000008005278       0x1c ../../../libDaisy/build/libdaisy.a(stm32h7xx_hal_cortex.o)
                0x0000000008005278                HAL_MPU_Disable
 .text.HAL_MPU_Enable
                0x0000000008005294       0x20 ../../../libDaisy/build/libdaisy.a(stm32h7xx_hal_cortex.o)
                0x0000000008005294                HAL_MPU_Enable
 .text.HAL_MPU_ConfigRegion
                0x00000000080052b4       0x64 ../../../libDaisy/build/libdaisy.a(stm32h7xx_hal_cortex.o)
                0x00000000080052b4                HAL_MPU_ConfigRegion
 .text.HAL_SYSTICK_Callback
                0x0000000008005318        0x4 ../../../libDaisy/build/libdaisy.a(stm32h7xx_hal_cortex.o)
                0x0000000008005318                HAL_SYSTICK_Callback
 .text.HAL_SYSTICK_IRQHandler
                0x000000000800531c        0x8 ../../../libDaisy/build/libdaisy.a(stm32h7xx_hal_cortex.o)
                0x000000000800531c                HAL_SYSTICK_IRQHandler
 .text.DMA_CalcBaseAndBitshift
                0x0000000008005324       0xf4 ../../../libDaisy/build/libdaisy.a(stm32h7xx_hal_dma.o)
 .text.DMA_CalcDMAMUXChannelBaseAndMask
                0x0000000008005418       0xd8 ../../../libDaisy/build/libdaisy.a(stm32h7xx_hal_dma.o)
 .text.HAL_DMA_Init
                0x00000000080054f0      0x37c ../../../libDaisy/build/libdaisy.a(stm32h7xx_hal_dma.o)
                0x00000000080054f0                HAL_DMA_Init
 .text.HAL_DMA_Start_IT
                0x000000000800586c      0x240 ../../../libDaisy/build/libdaisy.a(stm32h7xx_hal_dma.o)
                0x000000000800586c                HAL_DMA_Start_IT
 .text.HAL_DMA_Abort_IT
                0x0000000008005aac      0x134 ../../../libDaisy/build/libdaisy.a(stm32h7xx_hal_dma.o)
                0x0000000008005aac                HAL_DMA_Abort_IT
 .text.HAL_DMA_IRQHandler
                0x0000000008005be0      0x6a0 ../../../libDaisy/build/libdaisy.a(stm32h7xx_hal_dma.o)
                0x0000000008005be0                HAL_DMA_IRQHandler
 .text.HAL_DMA_GetError
                0x0000000008006280        0x4 ../../../libDaisy/build/libdaisy.a(stm32h7xx_hal_dma.o)
                0x0000000008006280                HAL_DMA_GetError
 .text.HAL_GPIO_Init
                0x0000000008006284      0x280 ../../../libDaisy/build/libdaisy.a(stm32h7xx_hal_gpio.o)
                0x0000000008006284                HAL_GPIO_Init
 .text.HAL_GPIO_DeInit
                0x0000000008006504      0x190 ../../../libDaisy/build/libdaisy.a(stm32h7xx_hal_gpio.o)
                0x0000000008006504                HAL_GPIO_DeInit
 .text.HAL_GPIO_ReadPin
                0x0000000008006694        0xc ../../../libDaisy/build/libdaisy.a(stm32h7xx_hal_gpio.o)
                0x0000000008006694                HAL_GPIO_ReadPin
 .text.HAL_GPIO_WritePin
                0x00000000080066a0        0x8 ../../../libDaisy/build/libdaisy.a(stm32h7xx_hal_gpio.o)
                0x00000000080066a0                HAL_GPIO_WritePin
 .text.HAL_HCD_IRQHandler
                0x00000000080066a8      0x780 ../../../libDaisy/build/libdaisy.a(stm32h7xx_hal_hcd.o)
                0x00000000080066a8                HAL_HCD_IRQHandler
 .text.HAL_HCD_Stop
                0x0000000008006e28       0x28 ../../../libDaisy/build/libdaisy.a(stm32h7xx_hal_hcd.o)
                0x0000000008006e28                HAL_HCD_Stop
 .text.I2C_WaitOnTXISFlagUntilTimeout
                0x0000000008006e50       0xb8 ../../../libDaisy/build/libdaisy.a(stm32h7xx_hal_i2c.o)
 .text.I2C_WaitOnSTOPFlagUntilTimeout
                0x0000000008006f08       0xac ../../../libDaisy/build/libdaisy.a(stm32h7xx_hal_i2c.o)
 .text.HAL_I2C_Init
                0x0000000008006fb4       0xac ../../../libDaisy/build/libdaisy.a(stm32h7xx_hal_i2c.o)
                0x0000000008006fb4                HAL_I2C_Init
 .text.HAL_I2C_Master_Transmit
                0x0000000008007060      0x1a8 ../../../libDaisy/build/libdaisy.a(stm32h7xx_hal_i2c.o)
                0x0000000008007060                HAL_I2C_Master_Transmit
 .text.HAL_I2C_Slave_Transmit
                0x0000000008007208      0x1c8 ../../../libDaisy/build/libdaisy.a(stm32h7xx_hal_i2c.o)
                0x0000000008007208                HAL_I2C_Slave_Transmit
 .text.HAL_I2C_EV_IRQHandler
                0x00000000080073d0       0x10 ../../../libDaisy/build/libdaisy.a(stm32h7xx_hal_i2c.o)
                0x00000000080073d0                HAL_I2C_EV_IRQHandler
 .text.HAL_I2C_GetState
                0x00000000080073e0        0x8 ../../../libDaisy/build/libdaisy.a(stm32h7xx_hal_i2c.o)
                0x00000000080073e0                HAL_I2C_GetState
 .text.HAL_I2CEx_ConfigAnalogFilter
                0x00000000080073e8       0x54 ../../../libDaisy/build/libdaisy.a(stm32h7xx_hal_i2c_ex.o)
                0x00000000080073e8                HAL_I2CEx_ConfigAnalogFilter
 .text.HAL_I2CEx_ConfigDigitalFilter
                0x000000000800743c       0x58 ../../../libDaisy/build/libdaisy.a(stm32h7xx_hal_i2c_ex.o)
                0x000000000800743c                HAL_I2CEx_ConfigDigitalFilter
 .text.HAL_PCD_Init
                0x0000000008007494      0x12c ../../../libDaisy/build/libdaisy.a(stm32h7xx_hal_pcd.o)
                0x0000000008007494                HAL_PCD_Init
 .text.HAL_PCD_Start
                0x00000000080075c0       0x44 ../../../libDaisy/build/libdaisy.a(stm32h7xx_hal_pcd.o)
                0x00000000080075c0                HAL_PCD_Start
 .text.HAL_PCD_IRQHandler
                0x0000000008007604      0x69c ../../../libDaisy/build/libdaisy.a(stm32h7xx_hal_pcd.o)
                0x0000000008007604                HAL_PCD_IRQHandler
 .text.HAL_PCD_SetAddress
                0x0000000008007ca0       0x2c ../../../libDaisy/build/libdaisy.a(stm32h7xx_hal_pcd.o)
                0x0000000008007ca0                HAL_PCD_SetAddress
 .text.HAL_PCD_EP_Open
                0x0000000008007ccc       0x7c ../../../libDaisy/build/libdaisy.a(stm32h7xx_hal_pcd.o)
                0x0000000008007ccc                HAL_PCD_EP_Open
 .text.HAL_PCD_EP_Close
                0x0000000008007d48       0x6c ../../../libDaisy/build/libdaisy.a(stm32h7xx_hal_pcd.o)
                0x0000000008007d48                HAL_PCD_EP_Close
 .text.HAL_PCD_EP_Receive
                0x0000000008007db4       0x50 ../../../libDaisy/build/libdaisy.a(stm32h7xx_hal_pcd.o)
                0x0000000008007db4                HAL_PCD_EP_Receive
 .text.HAL_PCD_EP_GetRxCount
                0x0000000008007e04       0x14 ../../../libDaisy/build/libdaisy.a(stm32h7xx_hal_pcd.o)
                0x0000000008007e04                HAL_PCD_EP_GetRxCount
 .text.HAL_PCD_EP_Transmit
                0x0000000008007e18       0x50 ../../../libDaisy/build/libdaisy.a(stm32h7xx_hal_pcd.o)
                0x0000000008007e18                HAL_PCD_EP_Transmit
 .text.HAL_PCD_EP_SetStall
                0x0000000008007e68       0x88 ../../../libDaisy/build/libdaisy.a(stm32h7xx_hal_pcd.o)
                0x0000000008007e68                HAL_PCD_EP_SetStall
 .text.HAL_PCD_EP_ClrStall
                0x0000000008007ef0       0x78 ../../../libDaisy/build/libdaisy.a(stm32h7xx_hal_pcd.o)
                0x0000000008007ef0                HAL_PCD_EP_ClrStall
 .text.HAL_PCDEx_SetTxFiFo
                0x0000000008007f68       0x54 ../../../libDaisy/build/libdaisy.a(stm32h7xx_hal_pcd_ex.o)
                0x0000000008007f68                HAL_PCDEx_SetTxFiFo
 .text.HAL_PCDEx_SetRxFiFo
                0x0000000008007fbc        0xc ../../../libDaisy/build/libdaisy.a(stm32h7xx_hal_pcd_ex.o)
                0x0000000008007fbc                HAL_PCDEx_SetRxFiFo
 .text.HAL_PCDEx_ActivateLPM
                0x0000000008007fc8       0x30 ../../../libDaisy/build/libdaisy.a(stm32h7xx_hal_pcd_ex.o)
                0x0000000008007fc8                HAL_PCDEx_ActivateLPM
 .text.HAL_PCDEx_LPM_Callback
                0x0000000008007ff8        0x4 ../../../libDaisy/build/libdaisy.a(stm32h7xx_hal_pcd_ex.o)
                0x0000000008007ff8                HAL_PCDEx_LPM_Callback
 .text.HAL_PWREx_ConfigSupply
                0x0000000008007ffc       0x4c ../../../libDaisy/build/libdaisy.a(stm32h7xx_hal_pwr_ex.o)
                0x0000000008007ffc                HAL_PWREx_ConfigSupply
 .text.HAL_PWREx_EnableUSBVoltageDetector
                0x0000000008008048       0x10 ../../../libDaisy/build/libdaisy.a(stm32h7xx_hal_pwr_ex.o)
                0x0000000008008048                HAL_PWREx_EnableUSBVoltageDetector
 .text.QSPI_Config
                0x0000000008008058      0x174 ../../../libDaisy/build/libdaisy.a(stm32h7xx_hal_qspi.o)
 .text.HAL_QSPI_Init
                0x00000000080081cc       0xd8 ../../../libDaisy/build/libdaisy.a(stm32h7xx_hal_qspi.o)
                0x00000000080081cc                HAL_QSPI_Init
 .text.HAL_QSPI_DeInit
                0x00000000080082a4       0x3c ../../../libDaisy/build/libdaisy.a(stm32h7xx_hal_qspi.o)
                0x00000000080082a4                HAL_QSPI_DeInit
 .text.HAL_QSPI_Command
                0x00000000080082e0       0xd4 ../../../libDaisy/build/libdaisy.a(stm32h7xx_hal_qspi.o)
                0x00000000080082e0                HAL_QSPI_Command
 .text.HAL_QSPI_Transmit
                0x00000000080083b4       0xfc ../../../libDaisy/build/libdaisy.a(stm32h7xx_hal_qspi.o)
                0x00000000080083b4                HAL_QSPI_Transmit
 .text.HAL_QSPI_Receive
                0x00000000080084b0      0x108 ../../../libDaisy/build/libdaisy.a(stm32h7xx_hal_qspi.o)
                0x00000000080084b0                HAL_QSPI_Receive
 .text.HAL_QSPI_AutoPolling
                0x00000000080085b8       0xf0 ../../../libDaisy/build/libdaisy.a(stm32h7xx_hal_qspi.o)
                0x00000000080085b8                HAL_QSPI_AutoPolling
 .text.HAL_QSPI_MemoryMapped
                0x00000000080086a8       0xc0 ../../../libDaisy/build/libdaisy.a(stm32h7xx_hal_qspi.o)
                0x00000000080086a8                HAL_QSPI_MemoryMapped
 .text.HAL_QSPI_ErrorCallback
                0x0000000008008768        0x4 ../../../libDaisy/build/libdaisy.a(stm32h7xx_hal_qspi.o)
                0x0000000008008768                HAL_QSPI_ErrorCallback
 .text.QSPI_DMAAbortCplt
                0x000000000800876c       0x38 ../../../libDaisy/build/libdaisy.a(stm32h7xx_hal_qspi.o)
 .text.HAL_QSPI_AbortCpltCallback
                0x00000000080087a4        0x4 ../../../libDaisy/build/libdaisy.a(stm32h7xx_hal_qspi.o)
                0x00000000080087a4                HAL_QSPI_AbortCpltCallback
 .text.HAL_QSPI_CmdCpltCallback
                0x00000000080087a8        0x4 ../../../libDaisy/build/libdaisy.a(stm32h7xx_hal_qspi.o)
                0x00000000080087a8                HAL_QSPI_CmdCpltCallback
 .text.HAL_QSPI_RxCpltCallback
                0x00000000080087ac        0x4 ../../../libDaisy/build/libdaisy.a(stm32h7xx_hal_qspi.o)
                0x00000000080087ac                HAL_QSPI_RxCpltCallback
 .text.HAL_QSPI_TxCpltCallback
                0x00000000080087b0        0x4 ../../../libDaisy/build/libdaisy.a(stm32h7xx_hal_qspi.o)
                0x00000000080087b0                HAL_QSPI_TxCpltCallback
 .text.HAL_QSPI_FifoThresholdCallback
                0x00000000080087b4        0x4 ../../../libDaisy/build/libdaisy.a(stm32h7xx_hal_qspi.o)
                0x00000000080087b4                HAL_QSPI_FifoThresholdCallback
 .text.HAL_QSPI_StatusMatchCallback
                0x00000000080087b8        0x4 ../../../libDaisy/build/libdaisy.a(stm32h7xx_hal_qspi.o)
                0x00000000080087b8                HAL_QSPI_StatusMatchCallback
 .text.HAL_QSPI_TimeOutCallback
                0x00000000080087bc        0x4 ../../../libDaisy/build/libdaisy.a(stm32h7xx_hal_qspi.o)
                0x00000000080087bc                HAL_QSPI_TimeOutCallback
 .text.HAL_QSPI_IRQHandler
                0x00000000080087c0      0x210 ../../../libDaisy/build/libdaisy.a(stm32h7xx_hal_qspi.o)
                0x00000000080087c0                HAL_QSPI_IRQHandler
 .text.HAL_RCC_OscConfig
                0x00000000080089d0      0x51c ../../../libDaisy/build/libdaisy.a(stm32h7xx_hal_rcc.o)
                0x00000000080089d0                HAL_RCC_OscConfig
 .text.HAL_RCC_GetSysClockFreq
                0x0000000008008eec      0x140 ../../../libDaisy/build/libdaisy.a(stm32h7xx_hal_rcc.o)
                0x0000000008008eec                HAL_RCC_GetSysClockFreq
 .text.HAL_RCC_ClockConfig
                0x000000000800902c      0x234 ../../../libDaisy/build/libdaisy.a(stm32h7xx_hal_rcc.o)
                0x000000000800902c                HAL_RCC_ClockConfig
 .text.HAL_RCC_GetHCLKFreq
                0x0000000008009260       0x2c ../../../libDaisy/build/libdaisy.a(stm32h7xx_hal_rcc.o)
                0x0000000008009260                HAL_RCC_GetHCLKFreq
 .text.HAL_RCC_GetPCLK1Freq
                0x000000000800928c       0x38 ../../../libDaisy/build/libdaisy.a(stm32h7xx_hal_rcc.o)
                0x000000000800928c                HAL_RCC_GetPCLK1Freq
 .text.HAL_RCC_GetPCLK2Freq
                0x00000000080092c4       0x38 ../../../libDaisy/build/libdaisy.a(stm32h7xx_hal_rcc.o)
                0x00000000080092c4                HAL_RCC_GetPCLK2Freq
 .text.RCCEx_PLL2_Config
                0x00000000080092fc       0xf4 ../../../libDaisy/build/libdaisy.a(stm32h7xx_hal_rcc_ex.o)
 .text.RCCEx_PLL3_Config
                0x00000000080093f0       0xf4 ../../../libDaisy/build/libdaisy.a(stm32h7xx_hal_rcc_ex.o)
 .text.HAL_RCCEx_PeriphCLKConfig
                0x00000000080094e4      0xa7c ../../../libDaisy/build/libdaisy.a(stm32h7xx_hal_rcc_ex.o)
                0x00000000080094e4                HAL_RCCEx_PeriphCLKConfig
 .text.HAL_RCCEx_GetD3PCLK1Freq
                0x0000000008009f60       0x24 ../../../libDaisy/build/libdaisy.a(stm32h7xx_hal_rcc_ex.o)
                0x0000000008009f60                HAL_RCCEx_GetD3PCLK1Freq
 .text.HAL_RCCEx_GetPLL2ClockFreq
                0x0000000008009f84      0x17c ../../../libDaisy/build/libdaisy.a(stm32h7xx_hal_rcc_ex.o)
                0x0000000008009f84                HAL_RCCEx_GetPLL2ClockFreq
 .text.HAL_RCCEx_GetPLL3ClockFreq
                0x000000000800a100      0x17c ../../../libDaisy/build/libdaisy.a(stm32h7xx_hal_rcc_ex.o)
                0x000000000800a100                HAL_RCCEx_GetPLL3ClockFreq
 .text.HAL_RCCEx_GetPLL1ClockFreq
                0x000000000800a27c      0x17c ../../../libDaisy/build/libdaisy.a(stm32h7xx_hal_rcc_ex.o)
                0x000000000800a27c                HAL_RCCEx_GetPLL1ClockFreq
 .text.HAL_RCCEx_GetPeriphCLKFreq
                0x000000000800a3f8      0x198 ../../../libDaisy/build/libdaisy.a(stm32h7xx_hal_rcc_ex.o)
                0x000000000800a3f8                HAL_RCCEx_GetPeriphCLKFreq
 .text.HAL_RCCEx_GetD1SysClockFreq
                0x000000000800a590       0x2c ../../../libDaisy/build/libdaisy.a(stm32h7xx_hal_rcc_ex.o)
                0x000000000800a590                HAL_RCCEx_GetD1SysClockFreq
 .text.HAL_SAI_Init.part.0
                0x000000000800a5bc      0x348 ../../../libDaisy/build/libdaisy.a(stm32h7xx_hal_sai.o)
 .text.HAL_SAI_InitProtocol
                0x000000000800a904      0x178 ../../../libDaisy/build/libdaisy.a(stm32h7xx_hal_sai.o)
                0x000000000800a904                HAL_SAI_InitProtocol
 .text.HAL_SAI_Transmit_DMA
                0x000000000800aa7c      0x124 ../../../libDaisy/build/libdaisy.a(stm32h7xx_hal_sai.o)
                0x000000000800aa7c                HAL_SAI_Transmit_DMA
 .text.HAL_SAI_Receive_DMA
                0x000000000800aba0       0xd0 ../../../libDaisy/build/libdaisy.a(stm32h7xx_hal_sai.o)
                0x000000000800aba0                HAL_SAI_Receive_DMA
 .text.HAL_SAI_TxCpltCallback
                0x000000000800ac70        0x4 ../../../libDaisy/build/libdaisy.a(stm32h7xx_hal_sai.o)
                0x000000000800ac70                HAL_SAI_TxCpltCallback
 .text.SAI_DMATxCplt
                0x000000000800ac74       0x64 ../../../libDaisy/build/libdaisy.a(stm32h7xx_hal_sai.o)
 .text.HAL_SAI_TxHalfCpltCallback
                0x000000000800acd8        0x4 ../../../libDaisy/build/libdaisy.a(stm32h7xx_hal_sai.o)
                0x000000000800acd8                HAL_SAI_TxHalfCpltCallback
 .text.SAI_DMATxHalfCplt
                0x000000000800acdc        0xc ../../../libDaisy/build/libdaisy.a(stm32h7xx_hal_sai.o)
 .text.SAI_DMARxCplt
                0x000000000800ace8       0x64 ../../../libDaisy/build/libdaisy.a(stm32h7xx_hal_sai.o)
 .text.SAI_DMARxHalfCplt
                0x000000000800ad4c        0xc ../../../libDaisy/build/libdaisy.a(stm32h7xx_hal_sai.o)
 .text.HAL_SAI_ErrorCallback
                0x000000000800ad58        0x4 ../../../libDaisy/build/libdaisy.a(stm32h7xx_hal_sai.o)
                0x000000000800ad58                HAL_SAI_ErrorCallback
 .text.SAI_DMAError
                0x000000000800ad5c       0x6c ../../../libDaisy/build/libdaisy.a(stm32h7xx_hal_sai.o)
 .text.HAL_SDRAM_Init
                0x000000000800adc8       0x54 ../../../libDaisy/build/libdaisy.a(stm32h7xx_hal_sdram.o)
                0x000000000800adc8                HAL_SDRAM_Init
 .text.HAL_SDRAM_SendCommand
                0x000000000800ae1c       0x40 ../../../libDaisy/build/libdaisy.a(stm32h7xx_hal_sdram.o)
                0x000000000800ae1c                HAL_SDRAM_SendCommand
 .text.HAL_SDRAM_ProgramRefreshRate
                0x000000000800ae5c       0x30 ../../../libDaisy/build/libdaisy.a(stm32h7xx_hal_sdram.o)
                0x000000000800ae5c                HAL_SDRAM_ProgramRefreshRate
 .text.FMC_SDRAM_Init
                0x000000000800ae8c       0x7c ../../../libDaisy/build/libdaisy.a(stm32h7xx_ll_fmc.o)
                0x000000000800ae8c                FMC_SDRAM_Init
 .text.FMC_SDRAM_Timing_Init
                0x000000000800af08       0x98 ../../../libDaisy/build/libdaisy.a(stm32h7xx_ll_fmc.o)
                0x000000000800af08                FMC_SDRAM_Timing_Init
 .text.FMC_SDRAM_SendCommand
                0x000000000800afa0       0x28 ../../../libDaisy/build/libdaisy.a(stm32h7xx_ll_fmc.o)
                0x000000000800afa0                FMC_SDRAM_SendCommand
 .text.FMC_SDRAM_ProgramRefreshRate
                0x000000000800afc8       0x1c ../../../libDaisy/build/libdaisy.a(stm32h7xx_ll_fmc.o)
                0x000000000800afc8                FMC_SDRAM_ProgramRefreshRate
 .text.USB_CoreInit
                0x000000000800afe4      0x124 ../../../libDaisy/build/libdaisy.a(stm32h7xx_ll_usb.o)
                0x000000000800afe4                USB_CoreInit
 .text.USB_SetTurnaroundTime
                0x000000000800b108      0x104 ../../../libDaisy/build/libdaisy.a(stm32h7xx_ll_usb.o)
                0x000000000800b108                USB_SetTurnaroundTime
 .text.USB_EnableGlobalInt
                0x000000000800b20c       0x10 ../../../libDaisy/build/libdaisy.a(stm32h7xx_ll_usb.o)
                0x000000000800b20c                USB_EnableGlobalInt
 .text.USB_DisableGlobalInt
                0x000000000800b21c       0x10 ../../../libDaisy/build/libdaisy.a(stm32h7xx_ll_usb.o)
                0x000000000800b21c                USB_DisableGlobalInt
 .text.USB_SetCurrentMode
                0x000000000800b22c       0x30 ../../../libDaisy/build/libdaisy.a(stm32h7xx_ll_usb.o)
                0x000000000800b22c                USB_SetCurrentMode
 .text.USB_DevInit
                0x000000000800b25c      0x20c ../../../libDaisy/build/libdaisy.a(stm32h7xx_ll_usb.o)
                0x000000000800b25c                USB_DevInit
 .text.USB_FlushTxFifo
                0x000000000800b468       0x34 ../../../libDaisy/build/libdaisy.a(stm32h7xx_ll_usb.o)
                0x000000000800b468                USB_FlushTxFifo
 .text.USB_GetDevSpeed
                0x000000000800b49c       0x24 ../../../libDaisy/build/libdaisy.a(stm32h7xx_ll_usb.o)
                0x000000000800b49c                USB_GetDevSpeed
 .text.USB_ActivateEndpoint
                0x000000000800b4c0       0x90 ../../../libDaisy/build/libdaisy.a(stm32h7xx_ll_usb.o)
                0x000000000800b4c0                USB_ActivateEndpoint
 .text.USB_DeactivateEndpoint
                0x000000000800b550       0x84 ../../../libDaisy/build/libdaisy.a(stm32h7xx_ll_usb.o)
                0x000000000800b550                USB_DeactivateEndpoint
 .text.USB_EPStartXfer
                0x000000000800b5d4      0x230 ../../../libDaisy/build/libdaisy.a(stm32h7xx_ll_usb.o)
                0x000000000800b5d4                USB_EPStartXfer
 .text.USB_EP0StartXfer
                0x000000000800b804      0x174 ../../../libDaisy/build/libdaisy.a(stm32h7xx_ll_usb.o)
                0x000000000800b804                USB_EP0StartXfer
 .text.USB_WritePacket
                0x000000000800b978       0x2c ../../../libDaisy/build/libdaisy.a(stm32h7xx_ll_usb.o)
                0x000000000800b978                USB_WritePacket
 .text.USB_ReadPacket
                0x000000000800b9a4       0x20 ../../../libDaisy/build/libdaisy.a(stm32h7xx_ll_usb.o)
                0x000000000800b9a4                USB_ReadPacket
 .text.USB_EPSetStall
                0x000000000800b9c4       0x68 ../../../libDaisy/build/libdaisy.a(stm32h7xx_ll_usb.o)
                0x000000000800b9c4                USB_EPSetStall
 .text.USB_EPClearStall
                0x000000000800ba2c       0x58 ../../../libDaisy/build/libdaisy.a(stm32h7xx_ll_usb.o)
                0x000000000800ba2c                USB_EPClearStall
 .text.USB_SetDevAddress
                0x000000000800ba84       0x24 ../../../libDaisy/build/libdaisy.a(stm32h7xx_ll_usb.o)
                0x000000000800ba84                USB_SetDevAddress
 .text.USB_DevConnect
                0x000000000800baa8       0x1c ../../../libDaisy/build/libdaisy.a(stm32h7xx_ll_usb.o)
                0x000000000800baa8                USB_DevConnect
 .text.USB_DevDisconnect
                0x000000000800bac4       0x1c ../../../libDaisy/build/libdaisy.a(stm32h7xx_ll_usb.o)
                0x000000000800bac4                USB_DevDisconnect
 .text.USB_ReadInterrupts
                0x000000000800bae0       0x14 ../../../libDaisy/build/libdaisy.a(stm32h7xx_ll_usb.o)
                0x000000000800bae0                USB_ReadInterrupts
 .text.USB_ReadDevAllOutEpInterrupt
                0x000000000800baf4       0x1c ../../../libDaisy/build/libdaisy.a(stm32h7xx_ll_usb.o)
                0x000000000800baf4                USB_ReadDevAllOutEpInterrupt
 .text.USB_ReadDevAllInEpInterrupt
                0x000000000800bb10       0x1c ../../../libDaisy/build/libdaisy.a(stm32h7xx_ll_usb.o)
                0x000000000800bb10                USB_ReadDevAllInEpInterrupt
 .text.USB_ReadDevOutEPInterrupt
                0x000000000800bb2c       0x1c ../../../libDaisy/build/libdaisy.a(stm32h7xx_ll_usb.o)
                0x000000000800bb2c                USB_ReadDevOutEPInterrupt
 .text.USB_ReadDevInEPInterrupt
                0x000000000800bb48       0x38 ../../../libDaisy/build/libdaisy.a(stm32h7xx_ll_usb.o)
                0x000000000800bb48                USB_ReadDevInEPInterrupt
 .text.USB_GetMode
                0x000000000800bb80        0x8 ../../../libDaisy/build/libdaisy.a(stm32h7xx_ll_usb.o)
                0x000000000800bb80                USB_GetMode
 .text.USB_ActivateSetup
                0x000000000800bb88       0x38 ../../../libDaisy/build/libdaisy.a(stm32h7xx_ll_usb.o)
                0x000000000800bb88                USB_ActivateSetup
 .text.USB_EP0_OutStart
                0x000000000800bbc0       0x58 ../../../libDaisy/build/libdaisy.a(stm32h7xx_ll_usb.o)
                0x000000000800bbc0                USB_EP0_OutStart
 .text.USB_InitFSLSPClkSel
                0x000000000800bc18       0x44 ../../../libDaisy/build/libdaisy.a(stm32h7xx_ll_usb.o)
                0x000000000800bc18                USB_InitFSLSPClkSel
 .text.USB_HC_ReadInterrupt
                0x000000000800bc5c        0x8 ../../../libDaisy/build/libdaisy.a(stm32h7xx_ll_usb.o)
                0x000000000800bc5c                USB_HC_ReadInterrupt
 .text.USB_HC_Halt
                0x000000000800bc64       0xc0 ../../../libDaisy/build/libdaisy.a(stm32h7xx_ll_usb.o)
                0x000000000800bc64                USB_HC_Halt
 .text.USB_StopHost
                0x000000000800bd24      0x2ec ../../../libDaisy/build/libdaisy.a(stm32h7xx_ll_usb.o)
                0x000000000800bd24                USB_StopHost
 .text.USBD_CDC_EP0_RxReady
                0x000000000800c010       0x2c ../../../libDaisy/build/libdaisy.a(usbd_cdc.o)
 .text.USBD_CDC_GetFSCfgDesc
                0x000000000800c03c       0x24 ../../../libDaisy/build/libdaisy.a(usbd_cdc.o)
 .text.USBD_CDC_GetHSCfgDesc
                0x000000000800c060       0x24 ../../../libDaisy/build/libdaisy.a(usbd_cdc.o)
 .text.USBD_CDC_GetOtherSpeedCfgDesc
                0x000000000800c084       0x24 ../../../libDaisy/build/libdaisy.a(usbd_cdc.o)
 .text.USBD_CDC_GetDeviceQualifierDescriptor
                0x000000000800c0a8       0x10 ../../../libDaisy/build/libdaisy.a(usbd_cdc.o)
                0x000000000800c0a8                USBD_CDC_GetDeviceQualifierDescriptor
 .text.USBD_CDC_DataOut
                0x000000000800c0b8       0x30 ../../../libDaisy/build/libdaisy.a(usbd_cdc.o)
 .text.USBD_CDC_DataIn
                0x000000000800c0e8       0x50 ../../../libDaisy/build/libdaisy.a(usbd_cdc.o)
 .text.USBD_CDC_Setup
                0x000000000800c138       0xcc ../../../libDaisy/build/libdaisy.a(usbd_cdc.o)
 .text.USBD_CDC_DeInit
                0x000000000800c204       0x44 ../../../libDaisy/build/libdaisy.a(usbd_cdc.o)
 .text.USBD_CDC_Init
                0x000000000800c248       0x94 ../../../libDaisy/build/libdaisy.a(usbd_cdc.o)
 .text.USBD_CDC_RegisterInterface
                0x000000000800c2dc       0x10 ../../../libDaisy/build/libdaisy.a(usbd_cdc.o)
                0x000000000800c2dc                USBD_CDC_RegisterInterface
 .text.USBD_CDC_SetTxBuffer
                0x000000000800c2ec       0x14 ../../../libDaisy/build/libdaisy.a(usbd_cdc.o)
                0x000000000800c2ec                USBD_CDC_SetTxBuffer
 .text.USBD_CDC_SetRxBuffer
                0x000000000800c300       0x10 ../../../libDaisy/build/libdaisy.a(usbd_cdc.o)
                0x000000000800c300                USBD_CDC_SetRxBuffer
 .text.USBD_CDC_TransmitPacket
                0x000000000800c310       0x34 ../../../libDaisy/build/libdaisy.a(usbd_cdc.o)
                0x000000000800c310                USBD_CDC_TransmitPacket
 .text.USBD_CDC_ReceivePacket
                0x000000000800c344       0x38 ../../../libDaisy/build/libdaisy.a(usbd_cdc.o)
                0x000000000800c344                USBD_CDC_ReceivePacket
 .text.USBD_Init
                0x000000000800c37c       0x44 ../../../libDaisy/build/libdaisy.a(usbd_core.o)
                0x000000000800c37c                USBD_Init
 .text.USBD_RegisterClass
                0x000000000800c3c0       0x2c ../../../libDaisy/build/libdaisy.a(usbd_core.o)
                0x000000000800c3c0                USBD_RegisterClass
 .text.USBD_Start
                0x000000000800c3ec        0xc ../../../libDaisy/build/libdaisy.a(usbd_core.o)
                0x000000000800c3ec                USBD_Start
 .text.USBD_SetClassConfig
                0x000000000800c3f8       0x14 ../../../libDaisy/build/libdaisy.a(usbd_core.o)
                0x000000000800c3f8                USBD_SetClassConfig
 .text.USBD_ClrClassConfig
                0x000000000800c40c       0x10 ../../../libDaisy/build/libdaisy.a(usbd_core.o)
                0x000000000800c40c                USBD_ClrClassConfig
 .text.USBD_LL_SetupStage
                0x000000000800c41c       0x5c ../../../libDaisy/build/libdaisy.a(usbd_core.o)
                0x000000000800c41c                USBD_LL_SetupStage
 .text.USBD_LL_DataOutStage
                0x000000000800c478       0x7c ../../../libDaisy/build/libdaisy.a(usbd_core.o)
                0x000000000800c478                USBD_LL_DataOutStage
 .text.USBD_LL_DataInStage
                0x000000000800c4f4       0xcc ../../../libDaisy/build/libdaisy.a(usbd_core.o)
                0x000000000800c4f4                USBD_LL_DataInStage
 .text.USBD_LL_Reset
                0x000000000800c5c0       0x50 ../../../libDaisy/build/libdaisy.a(usbd_core.o)
                0x000000000800c5c0                USBD_LL_Reset
 .text.USBD_LL_SetSpeed
                0x000000000800c610        0x8 ../../../libDaisy/build/libdaisy.a(usbd_core.o)
                0x000000000800c610                USBD_LL_SetSpeed
 .text.USBD_LL_Suspend
                0x000000000800c618       0x14 ../../../libDaisy/build/libdaisy.a(usbd_core.o)
                0x000000000800c618                USBD_LL_Suspend
 .text.USBD_LL_Resume
                0x000000000800c62c       0x10 ../../../libDaisy/build/libdaisy.a(usbd_core.o)
                0x000000000800c62c                USBD_LL_Resume
 .text.USBD_LL_SOF
                0x000000000800c63c       0x1c ../../../libDaisy/build/libdaisy.a(usbd_core.o)
                0x000000000800c63c                USBD_LL_SOF
 .text.USBD_LL_IsoINIncomplete
                0x000000000800c658        0x4 ../../../libDaisy/build/libdaisy.a(usbd_core.o)
                0x000000000800c658                USBD_LL_IsoINIncomplete
 .text.USBD_LL_IsoOUTIncomplete
                0x000000000800c65c        0x4 ../../../libDaisy/build/libdaisy.a(usbd_core.o)
                0x000000000800c65c                USBD_LL_IsoOUTIncomplete
 .text.USBD_LL_DevConnected
                0x000000000800c660        0x4 ../../../libDaisy/build/libdaisy.a(usbd_core.o)
                0x000000000800c660                USBD_LL_DevConnected
 .text.USBD_LL_DevDisconnected
                0x000000000800c664       0x18 ../../../libDaisy/build/libdaisy.a(usbd_core.o)
                0x000000000800c664                USBD_LL_DevDisconnected
 .text.USBD_StdDevReq
                0x000000000800c67c      0x304 ../../../libDaisy/build/libdaisy.a(usbd_ctlreq.o)
                0x000000000800c67c                USBD_StdDevReq
 .text.USBD_StdItfReq
                0x000000000800c980       0x68 ../../../libDaisy/build/libdaisy.a(usbd_ctlreq.o)
                0x000000000800c980                USBD_StdItfReq
 .text.USBD_StdEPReq
                0x000000000800c9e8      0x13c ../../../libDaisy/build/libdaisy.a(usbd_ctlreq.o)
                0x000000000800c9e8                USBD_StdEPReq
 .text.USBD_ParseSetupRequest
                0x000000000800cb24       0x28 ../../../libDaisy/build/libdaisy.a(usbd_ctlreq.o)
                0x000000000800cb24                USBD_ParseSetupRequest
 .text.USBD_CtlError
                0x000000000800cb4c       0x18 ../../../libDaisy/build/libdaisy.a(usbd_ctlreq.o)
                0x000000000800cb4c                USBD_CtlError
 .text.USBD_GetString
                0x000000000800cb64       0x54 ../../../libDaisy/build/libdaisy.a(usbd_ctlreq.o)
                0x000000000800cb64                USBD_GetString
 .text.USBD_CtlSendData
                0x000000000800cbb8       0x1c ../../../libDaisy/build/libdaisy.a(usbd_ioreq.o)
                0x000000000800cbb8                USBD_CtlSendData
 .text.USBD_CtlContinueSendData
                0x000000000800cbd4       0x14 ../../../libDaisy/build/libdaisy.a(usbd_ioreq.o)
                0x000000000800cbd4                USBD_CtlContinueSendData
 .text.USBD_CtlPrepareRx
                0x000000000800cbe8       0x1c ../../../libDaisy/build/libdaisy.a(usbd_ioreq.o)
                0x000000000800cbe8                USBD_CtlPrepareRx
 .text.USBD_CtlContinueRx
                0x000000000800cc04       0x14 ../../../libDaisy/build/libdaisy.a(usbd_ioreq.o)
                0x000000000800cc04                USBD_CtlContinueRx
 .text.USBD_CtlSendStatus
                0x000000000800cc18       0x18 ../../../libDaisy/build/libdaisy.a(usbd_ioreq.o)
                0x000000000800cc18                USBD_CtlSendStatus
 .text.USBD_CtlReceiveStatus
                0x000000000800cc30       0x18 ../../../libDaisy/build/libdaisy.a(usbd_ioreq.o)
                0x000000000800cc30                USBD_CtlReceiveStatus
 .text.USBH_LL_IncTimer
                0x000000000800cc48       0x20 ../../../libDaisy/build/libdaisy.a(usbh_core.o)
                0x000000000800cc48                USBH_LL_IncTimer
 .text.USBH_LL_PortEnabled
                0x000000000800cc68        0x8 ../../../libDaisy/build/libdaisy.a(usbh_core.o)
                0x000000000800cc68                USBH_LL_PortEnabled
 .text.USBH_LL_PortDisabled
                0x000000000800cc70        0x8 ../../../libDaisy/build/libdaisy.a(usbh_core.o)
                0x000000000800cc70                USBH_LL_PortDisabled
 .text.USBH_LL_Connect
                0x000000000800cc78       0x18 ../../../libDaisy/build/libdaisy.a(usbh_core.o)
                0x000000000800cc78                USBH_LL_Connect
 .text.USBH_LL_Disconnect
                0x000000000800cc90       0x2c ../../../libDaisy/build/libdaisy.a(usbh_core.o)
                0x000000000800cc90                USBH_LL_Disconnect
 .text.USBH_FreePipe
                0x000000000800ccbc       0x18 ../../../libDaisy/build/libdaisy.a(usbh_pipes.o)
                0x000000000800ccbc                USBH_FreePipe
 .text._ZN5daisy6Random4InitEv
                0x000000000800ccd4       0x3c ../../../libDaisy/build/libdaisy.a(rng.o)
                0x000000000800ccd4                daisy::Random::Init()
 .text._ZN5daisy9SpiHandle4Impl7InitDmaEv
                0x000000000800cd10       0xec ../../../libDaisy/build/libdaisy.a(spi.o)
                0x000000000800cd10                daisy::SpiHandle::Impl::InitDma()
 .text._ZN5daisy9SpiHandle4Impl10StartDmaTxEPhjPFvPvEPFvS3_NS0_6ResultEES3_
                0x000000000800cdfc       0xc8 ../../../libDaisy/build/libdaisy.a(spi.o)
                0x000000000800cdfc                daisy::SpiHandle::Impl::StartDmaTx(unsigned char*, unsigned int, void (*)(void*), void (*)(void*, daisy::SpiHandle::Result), void*)
 .text._ZN5daisy9SpiHandle4Impl10StartDmaRxEPhjPFvPvEPFvS3_NS0_6ResultEES3_
                0x000000000800cec4       0xc8 ../../../libDaisy/build/libdaisy.a(spi.o)
                0x000000000800cec4                daisy::SpiHandle::Impl::StartDmaRx(unsigned char*, unsigned int, void (*)(void*), void (*)(void*, daisy::SpiHandle::Result), void*)
 .text._ZN5daisy9SpiHandle4Impl12StartDmaRxTxEPhS2_jPFvPvEPFvS3_NS0_6ResultEES3_
                0x000000000800cf8c       0xcc ../../../libDaisy/build/libdaisy.a(spi.o)
                0x000000000800cf8c                daisy::SpiHandle::Impl::StartDmaRxTx(unsigned char*, unsigned char*, unsigned int, void (*)(void*), void (*)(void*, daisy::SpiHandle::Result), void*)
 .text._ZN5daisy9SpiHandle4Impl8InitPinsEv
                0x000000000800d058      0x274 ../../../libDaisy/build/libdaisy.a(spi.o)
                0x000000000800d058                daisy::SpiHandle::Impl::InitPins()
 .text.HAL_SPI_MspInit
                0x000000000800d2cc      0x1a8 ../../../libDaisy/build/libdaisy.a(spi.o)
                0x000000000800d2cc                HAL_SPI_MspInit
 .text.dsy_spi_global_init
                0x000000000800d474       0x80 ../../../libDaisy/build/libdaisy.a(spi.o)
                0x000000000800d474                dsy_spi_global_init
 .text.SPI1_IRQHandler
                0x000000000800d4f4        0xc ../../../libDaisy/build/libdaisy.a(spi.o)
                0x000000000800d4f4                SPI1_IRQHandler
 .text.SPI2_IRQHandler
                0x000000000800d500        0xc ../../../libDaisy/build/libdaisy.a(spi.o)
                0x000000000800d500                SPI2_IRQHandler
 .text.SPI3_IRQHandler
                0x000000000800d50c        0xc ../../../libDaisy/build/libdaisy.a(spi.o)
                0x000000000800d50c                SPI3_IRQHandler
 .text.SPI4_IRQHandler
                0x000000000800d518        0xc ../../../libDaisy/build/libdaisy.a(spi.o)
                0x000000000800d518                SPI4_IRQHandler
 .text.SPI5_IRQHandler
                0x000000000800d524        0xc ../../../libDaisy/build/libdaisy.a(spi.o)
                0x000000000800d524                SPI5_IRQHandler
 .text.DMA2_Stream2_IRQHandler
                0x000000000800d530       0x34 ../../../libDaisy/build/libdaisy.a(spi.o)
                0x000000000800d530                DMA2_Stream2_IRQHandler
 .text.DMA2_Stream3_IRQHandler
                0x000000000800d564       0x38 ../../../libDaisy/build/libdaisy.a(spi.o)
                0x000000000800d564                DMA2_Stream3_IRQHandler
 .text.HAL_SPI_TxCpltCallback
                0x000000000800d59c       0xc4 ../../../libDaisy/build/libdaisy.a(spi.o)
                0x000000000800d59c                HAL_SPI_TxCpltCallback
 .text.HAL_SPI_RxCpltCallback
                0x000000000800d660       0xc4 ../../../libDaisy/build/libdaisy.a(spi.o)
                0x000000000800d660                HAL_SPI_RxCpltCallback
 .text.HAL_SPI_TxRxCpltCallback
                0x000000000800d724       0xc4 ../../../libDaisy/build/libdaisy.a(spi.o)
                0x000000000800d724                HAL_SPI_TxRxCpltCallback
 .text.HAL_SPI_ErrorCallback
                0x000000000800d7e8       0xc8 ../../../libDaisy/build/libdaisy.a(spi.o)
                0x000000000800d7e8                HAL_SPI_ErrorCallback
 .text.startup._GLOBAL__sub_I__Z19MapInstanceToHandleP11SPI_TypeDef
                0x000000000800d8b0      0x1b0 ../../../libDaisy/build/libdaisy.a(spi.o)
 .text.HAL_TIM_Base_MspInit
                0x000000000800da60      0x1e0 ../../../libDaisy/build/libdaisy.a(tim.o)
                0x000000000800da60                HAL_TIM_Base_MspInit
 .text.HAL_TIM_PeriodElapsedCallback
                0x000000000800dc40       0x44 ../../../libDaisy/build/libdaisy.a(tim.o)
                0x000000000800dc40                HAL_TIM_PeriodElapsedCallback
 .text.TIM2_IRQHandler
                0x000000000800dc84        0xc ../../../libDaisy/build/libdaisy.a(tim.o)
                0x000000000800dc84                TIM2_IRQHandler
 .text.TIM3_IRQHandler
                0x000000000800dc90        0xc ../../../libDaisy/build/libdaisy.a(tim.o)
                0x000000000800dc90                TIM3_IRQHandler
 .text.TIM4_IRQHandler
                0x000000000800dc9c        0xc ../../../libDaisy/build/libdaisy.a(tim.o)
                0x000000000800dc9c                TIM4_IRQHandler
 .text.TIM5_IRQHandler
                0x000000000800dca8        0xc ../../../libDaisy/build/libdaisy.a(tim.o)
                0x000000000800dca8                TIM5_IRQHandler
 .text._ZN5daisy11TimerHandle4InitERKNS0_6ConfigE
                0x000000000800dcb4       0xd0 ../../../libDaisy/build/libdaisy.a(tim.o)
                0x000000000800dcb4                daisy::TimerHandle::Init(daisy::TimerHandle::Config const&)
 .text._ZN5daisy11TimerHandle5StartEv
                0x000000000800dd84       0x24 ../../../libDaisy/build/libdaisy.a(tim.o)
                0x000000000800dd84                daisy::TimerHandle::Start()
 .text.startup._GLOBAL__sub_I__ZN5daisy11TimerHandle4Impl4InitERKNS0_6ConfigE
                0x000000000800dda8       0x38 ../../../libDaisy/build/libdaisy.a(tim.o)
 .text._ZN5daisy11UartHandler4Impl7InitDmaEbb
                0x000000000800dde0      0x164 ../../../libDaisy/build/libdaisy.a(uart.o)
                0x000000000800dde0                daisy::UartHandler::Impl::InitDma(bool, bool)
 .text._ZN5daisy11UartHandler4Impl10HandleFifoEv
                0x000000000800df44       0xec ../../../libDaisy/build/libdaisy.a(uart.o)
                0x000000000800df44                daisy::UartHandler::Impl::HandleFifo()
 .text._ZN5daisy11UartHandler4Impl10StartDmaTxEPhjPFvPvEPFvS3_NS0_6ResultEES3_
                0x000000000800e030       0xcc ../../../libDaisy/build/libdaisy.a(uart.o)
                0x000000000800e030                daisy::UartHandler::Impl::StartDmaTx(unsigned char*, unsigned int, void (*)(void*), void (*)(void*, daisy::UartHandler::Result), void*)
 .text._ZN5daisy11UartHandler4Impl10StartDmaRxEPhjPFvPvEPFvS3_NS0_6ResultEES3_
                0x000000000800e0fc       0xcc ../../../libDaisy/build/libdaisy.a(uart.o)
                0x000000000800e0fc                daisy::UartHandler::Impl::StartDmaRx(unsigned char*, unsigned int, void (*)(void*), void (*)(void*, daisy::UartHandler::Result), void*)
 .text._ZN5daisy11UartHandler4Impl19DmaTransferFinishedEP20__UART_HandleTypeDefNS0_6ResultE
                0x000000000800e1c8       0xc0 ../../../libDaisy/build/libdaisy.a(uart.o)
                0x000000000800e1c8                daisy::UartHandler::Impl::DmaTransferFinished(__UART_HandleTypeDef*, daisy::UartHandler::Result)
 .text._ZN5daisy11UartHandler4Impl8InitPinsEv
                0x000000000800e288      0x150 ../../../libDaisy/build/libdaisy.a(uart.o)
                0x000000000800e288                daisy::UartHandler::Impl::InitPins()
 .text.HAL_UART_MspInit
                0x000000000800e3d8      0x210 ../../../libDaisy/build/libdaisy.a(uart.o)
                0x000000000800e3d8                HAL_UART_MspInit
 .text.dsy_uart_global_init
                0x000000000800e5e8       0xfc ../../../libDaisy/build/libdaisy.a(uart.o)
                0x000000000800e5e8                dsy_uart_global_init
 .text.USART1_IRQHandler
                0x000000000800e6e4       0x30 ../../../libDaisy/build/libdaisy.a(uart.o)
                0x000000000800e6e4                USART1_IRQHandler
 .text.USART2_IRQHandler
                0x000000000800e714       0x34 ../../../libDaisy/build/libdaisy.a(uart.o)
                0x000000000800e714                USART2_IRQHandler
 .text.USART3_IRQHandler
                0x000000000800e748       0x34 ../../../libDaisy/build/libdaisy.a(uart.o)
                0x000000000800e748                USART3_IRQHandler
 .text.UART4_IRQHandler
                0x000000000800e77c       0x34 ../../../libDaisy/build/libdaisy.a(uart.o)
                0x000000000800e77c                UART4_IRQHandler
 .text.UART5_IRQHandler
                0x000000000800e7b0       0x34 ../../../libDaisy/build/libdaisy.a(uart.o)
                0x000000000800e7b0                UART5_IRQHandler
 .text.USART6_IRQHandler
                0x000000000800e7e4       0x34 ../../../libDaisy/build/libdaisy.a(uart.o)
                0x000000000800e7e4                USART6_IRQHandler
 .text.UART7_IRQHandler
                0x000000000800e818       0x30 ../../../libDaisy/build/libdaisy.a(uart.o)
                0x000000000800e818                UART7_IRQHandler
 .text.UART8_IRQHandler
                0x000000000800e848       0x34 ../../../libDaisy/build/libdaisy.a(uart.o)
                0x000000000800e848                UART8_IRQHandler
 .text.LPUART1_IRQHandler
                0x000000000800e87c       0x34 ../../../libDaisy/build/libdaisy.a(uart.o)
                0x000000000800e87c                LPUART1_IRQHandler
 .text.DMA1_Stream5_IRQHandler
                0x000000000800e8b0       0x34 ../../../libDaisy/build/libdaisy.a(uart.o)
                0x000000000800e8b0                DMA1_Stream5_IRQHandler
 .text.DMA2_Stream4_IRQHandler
                0x000000000800e8e4       0x34 ../../../libDaisy/build/libdaisy.a(uart.o)
                0x000000000800e8e4                DMA2_Stream4_IRQHandler
 .text.HAL_UART_TxCpltCallback
                0x000000000800e918        0x8 ../../../libDaisy/build/libdaisy.a(uart.o)
                0x000000000800e918                HAL_UART_TxCpltCallback
 .text.HAL_UART_RxCpltCallback
                0x000000000800e920        0x8 ../../../libDaisy/build/libdaisy.a(uart.o)
                0x000000000800e920                HAL_UART_RxCpltCallback
 .text.HAL_UART_ErrorCallback
                0x000000000800e928        0x8 ../../../libDaisy/build/libdaisy.a(uart.o)
                0x000000000800e928                HAL_UART_ErrorCallback
 .text.startup._GLOBAL__sub_I__Z19MapInstanceToHandleP13USART_TypeDef
                0x000000000800e930      0x190 ../../../libDaisy/build/libdaisy.a(uart.o)
 .text.dsy_dma_init
                0x000000000800eac0      0x100 ../../../libDaisy/build/libdaisy.a(dma.o)
                0x000000000800eac0                dsy_dma_init
 .text.HAL_MDMA_Abort_IT
                0x000000000800ebc0       0x2c ../../../libDaisy/build/libdaisy.a(stm32h7xx_hal_mdma.o)
                0x000000000800ebc0                HAL_MDMA_Abort_IT
 .text.SPI_CloseTransfer
                0x000000000800ebec       0xb8 ../../../libDaisy/build/libdaisy.a(stm32h7xx_hal_spi.o)
 .text.HAL_SPI_Init
                0x000000000800eca4      0x15c ../../../libDaisy/build/libdaisy.a(stm32h7xx_hal_spi.o)
                0x000000000800eca4                HAL_SPI_Init
 .text.HAL_SPI_Transmit_DMA